Command line invocation:
    /Applications/Xcode.app/Contents/Developer/usr/bin/xcodebuild -scheme Promtier -project Promtier.xcodeproj -configuration Debug build

Resolve Package Graph


Resolved source packages:
  Sparkle: https://github.com/sparkle-project/Sparkle @ 2.9.0

--- xcodebuild: WARNING: Using the first of multiple matching destinations:
{ platform:macOS, arch:arm64, id:00008103-000C15190AE2001E, name:My Mac }
{ platform:macOS, arch:x86_64, id:00008103-000C15190AE2001E, name:My Mac }
{ platform:macOS, name:Any Mac }
ComputePackagePrebuildTargetDependencyGraph

Prepare packages

CreateBuildRequest

SendProjectDescription

CreateBuildOperation

ComputeTargetDependencyGraph
note: Building targets in dependency order
note: Target dependency graph (2 targets)
    Target 'Promtier' in project 'Promtier'
        ➜ Explicit dependency on target 'Sparkle' in project 'Sparkle'
    Target 'Sparkle' in project 'Sparkle' (no dependencies)

GatherProvisioningInputs

CreateBuildDescription

ExecuteExternalTool /Applications/Xcode.app/Contents/Developer/Toolchains/XcodeDefault.xctoolchain/usr/bin/clang -v -E -dM -isysroot /Applications/Xcode.app/Contents/Developer/Platforms/MacOSX.platform/Developer/SDKs/MacOSX26.2.sdk -x c -c /dev/null

ExecuteExternalTool /Applications/Xcode.app/Contents/Developer/usr/bin/momc --dry-run --action generate --swift-version 5.0 --sdkroot /Applications/Xcode.app/Contents/Developer/Platforms/MacOSX.platform/Developer/SDKs/MacOSX26.2.sdk --macosx-deployment-target 15.6 --module Promtier /Users/valencia/Downloads/Apps Menu Bar/Promtier/Promtier/Core/Promtier.xcdatamodeld /Users/valencia/Library/Developer/Xcode/DerivedData/Promtier-gwtwqauqniqqumfryffqozcsjphv/Build/Intermediates.noindex/Promtier.build/Debug/Promtier.build/DerivedSources/CoreDataGenerated/Promtier

ExecuteExternalTool /Applications/Xcode.app/Contents/Developer/usr/bin/actool --version --output-format xml1

ExecuteExternalTool /Applications/Xcode.app/Contents/Developer/Toolchains/XcodeDefault.xctoolchain/usr/bin/swiftc --version

ExecuteExternalTool /Applications/Xcode.app/Contents/Developer/Toolchains/XcodeDefault.xctoolchain/usr/bin/ld -version_details

Build description signature: af1e71f7705aa4464f4dc4c6f1275df9
Build description path: /Users/valencia/Library/Developer/Xcode/DerivedData/Promtier-gwtwqauqniqqumfryffqozcsjphv/Build/Intermediates.noindex/XCBuildData/af1e71f7705aa4464f4dc4c6f1275df9.xcbuilddata
note: Removed stale file '/Users/valencia/Library/Developer/Xcode/DerivedData/Promtier-gwtwqauqniqqumfryffqozcsjphv/Build/Intermediates.noindex/Promtier.build/Debug/Promtier.build/Objects-normal/arm64/SidebarDragPayload.o'

note: Removed stale file '/Users/valencia/Library/Developer/Xcode/DerivedData/Promtier-gwtwqauqniqqumfryffqozcsjphv/Build/Intermediates.noindex/Promtier.build/Debug/Promtier.build/Objects-normal/arm64/SidebarDragPayload.stringsdata'

note: Removed stale file '/Users/valencia/Library/Developer/Xcode/DerivedData/Promtier-gwtwqauqniqqumfryffqozcsjphv/Build/Intermediates.noindex/Promtier.build/Debug/Promtier.build/Objects-normal/arm64/SidebarDragPayload.swiftconstvalues'

ClangStatCache /Applications/Xcode.app/Contents/Developer/Toolchains/XcodeDefault.xctoolchain/usr/bin/clang-stat-cache /Applications/Xcode.app/Contents/Developer/Platforms/MacOSX.platform/Developer/SDKs/MacOSX26.2.sdk /Users/valencia/Library/Developer/Xcode/DerivedData/SDKStatCaches.noindex/macosx26.2-25C57-00fa09913b459cbbc988d1f6730289ae.sdkstatcache
    cd /Users/valencia/Downloads/Apps\ Menu\ Bar/Promtier/Promtier.xcodeproj
    /Applications/Xcode.app/Contents/Developer/Toolchains/XcodeDefault.xctoolchain/usr/bin/clang-stat-cache /Applications/Xcode.app/Contents/Developer/Platforms/MacOSX.platform/Developer/SDKs/MacOSX26.2.sdk -o /Users/valencia/Library/Developer/Xcode/DerivedData/SDKStatCaches.noindex/macosx26.2-25C57-00fa09913b459cbbc988d1f6730289ae.sdkstatcache

WriteAuxiliaryFile /Users/valencia/Library/Developer/Xcode/DerivedData/Promtier-gwtwqauqniqqumfryffqozcsjphv/Build/Intermediates.noindex/Promtier.build/Debug/Promtier.build/Objects-normal/arm64/Promtier-OutputFileMap.json (in target 'Promtier' from project 'Promtier')
    cd /Users/valencia/Downloads/Apps\ Menu\ Bar/Promtier
    write-file /Users/valencia/Library/Developer/Xcode/DerivedData/Promtier-gwtwqauqniqqumfryffqozcsjphv/Build/Intermediates.noindex/Promtier.build/Debug/Promtier.build/Objects-normal/arm64/Promtier-OutputFileMap.json

WriteAuxiliaryFile /Users/valencia/Library/Developer/Xcode/DerivedData/Promtier-gwtwqauqniqqumfryffqozcsjphv/Build/Intermediates.noindex/Promtier.build/Debug/Promtier.build/Objects-normal/arm64/Promtier.SwiftFileList (in target 'Promtier' from project 'Promtier')
    cd /Users/valencia/Downloads/Apps\ Menu\ Bar/Promtier
    write-file /Users/valencia/Library/Developer/Xcode/DerivedData/Promtier-gwtwqauqniqqumfryffqozcsjphv/Build/Intermediates.noindex/Promtier.build/Debug/Promtier.build/Objects-normal/arm64/Promtier.SwiftFileList

WriteAuxiliaryFile /Users/valencia/Library/Developer/Xcode/DerivedData/Promtier-gwtwqauqniqqumfryffqozcsjphv/Build/Intermediates.noindex/Promtier.build/Debug/Promtier.build/Objects-normal/arm64/Promtier.LinkFileList (in target 'Promtier' from project 'Promtier')
    cd /Users/valencia/Downloads/Apps\ Menu\ Bar/Promtier
    write-file /Users/valencia/Library/Developer/Xcode/DerivedData/Promtier-gwtwqauqniqqumfryffqozcsjphv/Build/Intermediates.noindex/Promtier.build/Debug/Promtier.build/Objects-normal/arm64/Promtier.LinkFileList

WriteAuxiliaryFile /Users/valencia/Library/Developer/Xcode/DerivedData/Promtier-gwtwqauqniqqumfryffqozcsjphv/Build/Intermediates.noindex/Promtier.build/Debug/Promtier.build/Objects-normal/arm64/Promtier.SwiftConstValuesFileList (in target 'Promtier' from project 'Promtier')
    cd /Users/valencia/Downloads/Apps\ Menu\ Bar/Promtier
    write-file /Users/valencia/Library/Developer/Xcode/DerivedData/Promtier-gwtwqauqniqqumfryffqozcsjphv/Build/Intermediates.noindex/Promtier.build/Debug/Promtier.build/Objects-normal/arm64/Promtier.SwiftConstValuesFileList

ProcessProductPackaging /Users/valencia/Downloads/Apps\ Menu\ Bar/Promtier/Promtier/Promtier.entitlements /Users/valencia/Library/Developer/Xcode/DerivedData/Promtier-gwtwqauqniqqumfryffqozcsjphv/Build/Intermediates.noindex/Promtier.build/Debug/Promtier.build/Promtier.app.xcent (in target 'Promtier' from project 'Promtier')
    cd /Users/valencia/Downloads/Apps\ Menu\ Bar/Promtier
    
    Entitlements:
    
    {
    "com.apple.security.automation.apple-events" = 1;
    "com.apple.security.cs.disable-library-validation" = 1;
    "com.apple.security.get-task-allow" = 1;
}
    
    builtin-productPackagingUtility /Users/valencia/Downloads/Apps\ Menu\ Bar/Promtier/Promtier/Promtier.entitlements -entitlements -format xml -o /Users/valencia/Library/Developer/Xcode/DerivedData/Promtier-gwtwqauqniqqumfryffqozcsjphv/Build/Intermediates.noindex/Promtier.build/Debug/Promtier.build/Promtier.app.xcent

ProcessProductPackagingDER /Users/valencia/Library/Developer/Xcode/DerivedData/Promtier-gwtwqauqniqqumfryffqozcsjphv/Build/Intermediates.noindex/Promtier.build/Debug/Promtier.build/Promtier.app.xcent /Users/valencia/Library/Developer/Xcode/DerivedData/Promtier-gwtwqauqniqqumfryffqozcsjphv/Build/Intermediates.noindex/Promtier.build/Debug/Promtier.build/Promtier.app.xcent.der (in target 'Promtier' from project 'Promtier')
    cd /Users/valencia/Downloads/Apps\ Menu\ Bar/Promtier
    /usr/bin/derq query -f xml -i /Users/valencia/Library/Developer/Xcode/DerivedData/Promtier-gwtwqauqniqqumfryffqozcsjphv/Build/Intermediates.noindex/Promtier.build/Debug/Promtier.build/Promtier.app.xcent -o /Users/valencia/Library/Developer/Xcode/DerivedData/Promtier-gwtwqauqniqqumfryffqozcsjphv/Build/Intermediates.noindex/Promtier.build/Debug/Promtier.build/Promtier.app.xcent.der --raw

Ld /Users/valencia/Library/Developer/Xcode/DerivedData/Promtier-gwtwqauqniqqumfryffqozcsjphv/Build/Products/Debug/Promtier.app/Contents/MacOS/__preview.dylib normal (in target 'Promtier' from project 'Promtier')
    cd /Users/valencia/Downloads/Apps\ Menu\ Bar/Promtier
    /Applications/Xcode.app/Contents/Developer/Toolchains/XcodeDefault.xctoolchain/usr/bin/clang -Xlinker -reproducible -target arm64-apple-macos15.6 -dynamiclib -isysroot /Applications/Xcode.app/Contents/Developer/Platforms/MacOSX.platform/Developer/SDKs/MacOSX26.2.sdk -O0 -L/Users/valencia/Library/Developer/Xcode/DerivedData/Promtier-gwtwqauqniqqumfryffqozcsjphv/Build/Products/Debug -F/Users/valencia/Library/Developer/Xcode/DerivedData/Promtier-gwtwqauqniqqumfryffqozcsjphv/Build/Products/Debug -install_name @rpath/Promtier.debug.dylib -rdynamic -Xlinker -no_deduplicate -Xlinker -dependency_info -Xlinker /Users/valencia/Library/Developer/Xcode/DerivedData/Promtier-gwtwqauqniqqumfryffqozcsjphv/Build/Intermediates.noindex/Promtier.build/Debug/Promtier.build/Objects-normal/arm64/Promtier_dependency_info.dat -Xlinker -no_adhoc_codesign -o /Users/valencia/Library/Developer/Xcode/DerivedData/Promtier-gwtwqauqniqqumfryffqozcsjphv/Build/Products/Debug/Promtier.app/Contents/MacOS/__preview.dylib

SwiftDriver Promtier normal arm64 com.apple.xcode.tools.swift.compiler (in target 'Promtier' from project 'Promtier')
    cd /Users/valencia/Downloads/Apps\ Menu\ Bar/Promtier
    builtin-SwiftDriver -- /Applications/Xcode.app/Contents/Developer/Toolchains/XcodeDefault.xctoolchain/usr/bin/swiftc -module-name Promtier -Onone -enforce-exclusivity\=checked @/Users/valencia/Library/Developer/Xcode/DerivedData/Promtier-gwtwqauqniqqumfryffqozcsjphv/Build/Intermediates.noindex/Promtier.build/Debug/Promtier.build/Objects-normal/arm64/Promtier.SwiftFileList -DDEBUG -default-isolation\=MainActor -enable-bare-slash-regex -enable-upcoming-feature DisableOutwardActorInference -enable-upcoming-feature InferSendableFromCaptures -enable-upcoming-feature GlobalActorIsolatedTypesUsability -enable-upcoming-feature MemberImportVisibility -enable-upcoming-feature InferIsolatedConformances -enable-upcoming-feature NonisolatedNonsendingByDefault -enable-experimental-feature DebugDescriptionMacro -sdk /Applications/Xcode.app/Contents/Developer/Platforms/MacOSX.platform/Developer/SDKs/MacOSX26.2.sdk -target arm64-apple-macos15.6 -g -module-cache-path /Users/valencia/Library/Developer/Xcode/DerivedData/ModuleCache.noindex -Xfrontend -serialize-debugging-options -enable-testing -index-store-path /Users/valencia/Library/Developer/Xcode/DerivedData/Promtier-gwtwqauqniqqumfryffqozcsjphv/Index.noindex/DataStore -Xcc -D_LIBCPP_HARDENING_MODE\=_LIBCPP_HARDENING_MODE_DEBUG -swift-version 5 -I /Users/valencia/Library/Developer/Xcode/DerivedData/Promtier-gwtwqauqniqqumfryffqozcsjphv/Build/Products/Debug -F /Users/valencia/Library/Developer/Xcode/DerivedData/Promtier-gwtwqauqniqqumfryffqozcsjphv/Build/Products/Debug -emit-localized-strings -emit-localized-strings-path /Users/valencia/Library/Developer/Xcode/DerivedData/Promtier-gwtwqauqniqqumfryffqozcsjphv/Build/Intermediates.noindex/Promtier.build/Debug/Promtier.build/Objects-normal/arm64 -c -j8 -enable-batch-mode -incremental -Xcc -ivfsstatcache -Xcc /Users/valencia/Library/Developer/Xcode/DerivedData/SDKStatCaches.noindex/macosx26.2-25C57-00fa09913b459cbbc988d1f6730289ae.sdkstatcache -output-file-map /Users/valencia/Library/Developer/Xcode/DerivedData/Promtier-gwtwqauqniqqumfryffqozcsjphv/Build/Intermediates.noindex/Promtier.build/Debug/Promtier.build/Objects-normal/arm64/Promtier-OutputFileMap.json -use-frontend-parseable-output -save-temps -no-color-diagnostics -explicit-module-build -module-cache-path /Users/valencia/Library/Developer/Xcode/DerivedData/Promtier-gwtwqauqniqqumfryffqozcsjphv/Build/Intermediates.noindex/SwiftExplicitPrecompiledModules -clang-scanner-module-cache-path /Users/valencia/Library/Developer/Xcode/DerivedData/ModuleCache.noindex -sdk-module-cache-path /Users/valencia/Library/Developer/Xcode/DerivedData/ModuleCache.noindex -serialize-diagnostics -emit-dependencies -emit-module -emit-module-path /Users/valencia/Library/Developer/Xcode/DerivedData/Promtier-gwtwqauqniqqumfryffqozcsjphv/Build/Intermediates.noindex/Promtier.build/Debug/Promtier.build/Objects-normal/arm64/Promtier.swiftmodule -validate-clang-modules-once -clang-build-session-file /Users/valencia/Library/Developer/Xcode/DerivedData/ModuleCache.noindex/Session.modulevalidation -Xcc -I/Users/valencia/Library/Developer/Xcode/DerivedData/Promtier-gwtwqauqniqqumfryffqozcsjphv/Build/Intermediates.noindex/Promtier.build/Debug/Promtier.build/swift-overrides.hmap -emit-const-values -Xfrontend -const-gather-protocols-file -Xfrontend /Users/valencia/Library/Developer/Xcode/DerivedData/Promtier-gwtwqauqniqqumfryffqozcsjphv/Build/Intermediates.noindex/Promtier.build/Debug/Promtier.build/Objects-normal/arm64/Promtier_const_extract_protocols.json -Xcc -iquote -Xcc /Users/valencia/Library/Developer/Xcode/DerivedData/Promtier-gwtwqauqniqqumfryffqozcsjphv/Build/Intermediates.noindex/Promtier.build/Debug/Promtier.build/Promtier-generated-files.hmap -Xcc -I/Users/valencia/Library/Developer/Xcode/DerivedData/Promtier-gwtwqauqniqqumfryffqozcsjphv/Build/Intermediates.noindex/Promtier.build/Debug/Promtier.build/Promtier-own-target-headers.hmap -Xcc -I/Users/valencia/Library/Developer/Xcode/DerivedData/Promtier-gwtwqauqniqqumfryffqozcsjphv/Build/Intermediates.noindex/Promtier.build/Debug/Promtier.build/Promtier-all-target-headers.hmap -Xcc -iquote -Xcc /Users/valencia/Library/Developer/Xcode/DerivedData/Promtier-gwtwqauqniqqumfryffqozcsjphv/Build/Intermediates.noindex/Promtier.build/Debug/Promtier.build/Promtier-project-headers.hmap -Xcc -I/Users/valencia/Library/Developer/Xcode/DerivedData/Promtier-gwtwqauqniqqumfryffqozcsjphv/Build/Products/Debug/include -Xcc -I/Users/valencia/Library/Developer/Xcode/DerivedData/Promtier-gwtwqauqniqqumfryffqozcsjphv/Build/Intermediates.noindex/Promtier.build/Debug/Promtier.build/DerivedSources-normal/arm64 -Xcc -I/Users/valencia/Library/Developer/Xcode/DerivedData/Promtier-gwtwqauqniqqumfryffqozcsjphv/Build/Intermediates.noindex/Promtier.build/Debug/Promtier.build/DerivedSources/arm64 -Xcc -I/Users/valencia/Library/Developer/Xcode/DerivedData/Promtier-gwtwqauqniqqumfryffqozcsjphv/Build/Intermediates.noindex/Promtier.build/Debug/Promtier.build/DerivedSources -Xcc -DDEBUG\=1 -emit-objc-header -emit-objc-header-path /Users/valencia/Library/Developer/Xcode/DerivedData/Promtier-gwtwqauqniqqumfryffqozcsjphv/Build/Intermediates.noindex/Promtier.build/Debug/Promtier.build/Objects-normal/arm64/Promtier-Swift.h -working-directory /Users/valencia/Downloads/Apps\ Menu\ Bar/Promtier -experimental-emit-module-separately -disable-cmo

SwiftCompile normal arm64 Compiling\ DataController.swift,\ FolderEntity.swift,\ FolderEntity+Extensions.swift,\ NSManagedObjectContext+Compat.swift,\ PromptEntity.swift,\ PromptEntity+Extensions.swift,\ UTI+Extensions.swift,\ Color+Extensions.swift /Users/valencia/Downloads/Apps\ Menu\ Bar/Promtier/Promtier/Core/DataController.swift /Users/valencia/Downloads/Apps\ Menu\ Bar/Promtier/Promtier/Core/FolderEntity.swift /Users/valencia/Downloads/Apps\ Menu\ Bar/Promtier/Promtier/Core/FolderEntity+Extensions.swift /Users/valencia/Downloads/Apps\ Menu\ Bar/Promtier/Promtier/Core/NSManagedObjectContext+Compat.swift /Users/valencia/Downloads/Apps\ Menu\ Bar/Promtier/Promtier/Core/PromptEntity.swift /Users/valencia/Downloads/Apps\ Menu\ Bar/Promtier/Promtier/Core/PromptEntity+Extensions.swift /Users/valencia/Downloads/Apps\ Menu\ Bar/Promtier/Promtier/Core/UTI+Extensions.swift /Users/valencia/Downloads/Apps\ Menu\ Bar/Promtier/Promtier/Extensions/Color+Extensions.swift (in target 'Promtier' from project 'Promtier')

SwiftCompile normal arm64 /Users/valencia/Downloads/Apps\ Menu\ Bar/Promtier/Promtier/Core/DataController.swift (in target 'Promtier' from project 'Promtier')
    cd /Users/valencia/Downloads/Apps\ Menu\ Bar/Promtier
    

SwiftCompile normal arm64 /Users/valencia/Downloads/Apps\ Menu\ Bar/Promtier/Promtier/Core/FolderEntity.swift (in target 'Promtier' from project 'Promtier')
    cd /Users/valencia/Downloads/Apps\ Menu\ Bar/Promtier
    

SwiftCompile normal arm64 /Users/valencia/Downloads/Apps\ Menu\ Bar/Promtier/Promtier/Core/FolderEntity+Extensions.swift (in target 'Promtier' from project 'Promtier')
    cd /Users/valencia/Downloads/Apps\ Menu\ Bar/Promtier
    

SwiftCompile normal arm64 /Users/valencia/Downloads/Apps\ Menu\ Bar/Promtier/Promtier/Core/NSManagedObjectContext+Compat.swift (in target 'Promtier' from project 'Promtier')
    cd /Users/valencia/Downloads/Apps\ Menu\ Bar/Promtier
    
/Users/valencia/Downloads/Apps Menu Bar/Promtier/Promtier/Core/NSManagedObjectContext+Compat.swift:7:60: warning: converting non-Sendable function value to '@Sendable () -> Void' may introduce data races
        let perform: (@escaping () -> Void) -> Void = self.performAndWait
                                                           ^

SwiftCompile normal arm64 /Users/valencia/Downloads/Apps\ Menu\ Bar/Promtier/Promtier/Core/PromptEntity.swift (in target 'Promtier' from project 'Promtier')
    cd /Users/valencia/Downloads/Apps\ Menu\ Bar/Promtier
    

SwiftCompile normal arm64 /Users/valencia/Downloads/Apps\ Menu\ Bar/Promtier/Promtier/Core/PromptEntity+Extensions.swift (in target 'Promtier' from project 'Promtier')
    cd /Users/valencia/Downloads/Apps\ Menu\ Bar/Promtier
    

SwiftCompile normal arm64 /Users/valencia/Downloads/Apps\ Menu\ Bar/Promtier/Promtier/Core/UTI+Extensions.swift (in target 'Promtier' from project 'Promtier')
    cd /Users/valencia/Downloads/Apps\ Menu\ Bar/Promtier
    

SwiftCompile normal arm64 /Users/valencia/Downloads/Apps\ Menu\ Bar/Promtier/Promtier/Extensions/Color+Extensions.swift (in target 'Promtier' from project 'Promtier')
    cd /Users/valencia/Downloads/Apps\ Menu\ Bar/Promtier
    

SwiftCompile normal arm64 Compiling\ String+Extensions.swift,\ BackupArchive.swift,\ Folder.swift,\ IdentifiableURL.swift,\ Prompt.swift,\ Snippet.swift,\ TemplateVariable.swift,\ BatchOperationsService.swift /Users/valencia/Downloads/Apps\ Menu\ Bar/Promtier/Promtier/Extensions/String+Extensions.swift /Users/valencia/Downloads/Apps\ Menu\ Bar/Promtier/Promtier/Models/BackupArchive.swift /Users/valencia/Downloads/Apps\ Menu\ Bar/Promtier/Promtier/Models/Folder.swift /Users/valencia/Downloads/Apps\ Menu\ Bar/Promtier/Promtier/Models/IdentifiableURL.swift /Users/valencia/Downloads/Apps\ Menu\ Bar/Promtier/Promtier/Models/Prompt.swift /Users/valencia/Downloads/Apps\ Menu\ Bar/Promtier/Promtier/Models/Snippet.swift /Users/valencia/Downloads/Apps\ Menu\ Bar/Promtier/Promtier/Models/TemplateVariable.swift /Users/valencia/Downloads/Apps\ Menu\ Bar/Promtier/Promtier/Services/BatchOperationsService.swift (in target 'Promtier' from project 'Promtier')

SwiftCompile normal arm64 /Users/valencia/Downloads/Apps\ Menu\ Bar/Promtier/Promtier/Extensions/String+Extensions.swift (in target 'Promtier' from project 'Promtier')
    cd /Users/valencia/Downloads/Apps\ Menu\ Bar/Promtier
    

SwiftCompile normal arm64 /Users/valencia/Downloads/Apps\ Menu\ Bar/Promtier/Promtier/Models/BackupArchive.swift (in target 'Promtier' from project 'Promtier')
    cd /Users/valencia/Downloads/Apps\ Menu\ Bar/Promtier
    

SwiftCompile normal arm64 /Users/valencia/Downloads/Apps\ Menu\ Bar/Promtier/Promtier/Models/Folder.swift (in target 'Promtier' from project 'Promtier')
    cd /Users/valencia/Downloads/Apps\ Menu\ Bar/Promtier
    

SwiftCompile normal arm64 /Users/valencia/Downloads/Apps\ Menu\ Bar/Promtier/Promtier/Models/IdentifiableURL.swift (in target 'Promtier' from project 'Promtier')
    cd /Users/valencia/Downloads/Apps\ Menu\ Bar/Promtier
    

SwiftCompile normal arm64 /Users/valencia/Downloads/Apps\ Menu\ Bar/Promtier/Promtier/Models/Prompt.swift (in target 'Promtier' from project 'Promtier')
    cd /Users/valencia/Downloads/Apps\ Menu\ Bar/Promtier
    

SwiftCompile normal arm64 /Users/valencia/Downloads/Apps\ Menu\ Bar/Promtier/Promtier/Models/Snippet.swift (in target 'Promtier' from project 'Promtier')
    cd /Users/valencia/Downloads/Apps\ Menu\ Bar/Promtier
    

SwiftCompile normal arm64 /Users/valencia/Downloads/Apps\ Menu\ Bar/Promtier/Promtier/Models/TemplateVariable.swift (in target 'Promtier' from project 'Promtier')
    cd /Users/valencia/Downloads/Apps\ Menu\ Bar/Promtier
    

SwiftCompile normal arm64 /Users/valencia/Downloads/Apps\ Menu\ Bar/Promtier/Promtier/Services/BatchOperationsService.swift (in target 'Promtier' from project 'Promtier')
    cd /Users/valencia/Downloads/Apps\ Menu\ Bar/Promtier
    

SwiftCompile normal arm64 Compiling\ CategorySelectorButton.swift,\ CategorySidebar.swift,\ DiffView.swift,\ DownsampledImageURLView.swift,\ DownsampledImageView.swift,\ FolderManagerView.swift,\ FullScreenImageView.swift,\ GhostTipView.swift /Users/valencia/Downloads/Apps\ Menu\ Bar/Promtier/Promtier/Views/CategorySelectorButton.swift /Users/valencia/Downloads/Apps\ Menu\ Bar/Promtier/Promtier/Views/CategorySidebar.swift /Users/valencia/Downloads/Apps\ Menu\ Bar/Promtier/Promtier/Views/DiffView.swift /Users/valencia/Downloads/Apps\ Menu\ Bar/Promtier/Promtier/Views/DownsampledImageURLView.swift /Users/valencia/Downloads/Apps\ Menu\ Bar/Promtier/Promtier/Views/DownsampledImageView.swift /Users/valencia/Downloads/Apps\ Menu\ Bar/Promtier/Promtier/Views/FolderManagerView.swift /Users/valencia/Downloads/Apps\ Menu\ Bar/Promtier/Promtier/Views/FullScreenImageView.swift /Users/valencia/Downloads/Apps\ Menu\ Bar/Promtier/Promtier/Views/GhostTipView.swift (in target 'Promtier' from project 'Promtier')
SwiftCompile normal arm64 /Users/valencia/Downloads/Apps\ Menu\ Bar/Promtier/Promtier/Views/CategorySelectorButton.swift (in target 'Promtier' from project 'Promtier')
    cd /Users/valencia/Downloads/Apps\ Menu\ Bar/Promtier
    

SwiftCompile normal arm64 /Users/valencia/Downloads/Apps\ Menu\ Bar/Promtier/Promtier/Views/CategorySidebar.swift (in target 'Promtier' from project 'Promtier')
    cd /Users/valencia/Downloads/Apps\ Menu\ Bar/Promtier
    
/Users/valencia/Downloads/Apps Menu Bar/Promtier/Promtier/Views/CategorySidebar.swift:315:52: warning: main actor-isolated conformance of 'SidebarDragPayload' to 'Decodable' cannot be used in nonisolated context; this is an error in the Swift 6 language mode
                  let payload = try? JSONDecoder().decode(SidebarDragPayload.self, from: data),
                                                   ^
/Users/valencia/Downloads/Apps Menu Bar/Promtier/Promtier/Views/CategorySidebar.swift:421:58: warning: main actor-isolated conformance of 'SidebarDragPayload' to 'Decodable' cannot be used in nonisolated context; this is an error in the Swift 6 language mode
                        let payload = try? JSONDecoder().decode(SidebarDragPayload.self, from: data),
                                                         ^

SwiftCompile normal arm64 /Users/valencia/Downloads/Apps\ Menu\ Bar/Promtier/Promtier/Views/DiffView.swift (in target 'Promtier' from project 'Promtier')
    cd /Users/valencia/Downloads/Apps\ Menu\ Bar/Promtier
    

SwiftCompile normal arm64 /Users/valencia/Downloads/Apps\ Menu\ Bar/Promtier/Promtier/Views/DownsampledImageURLView.swift (in target 'Promtier' from project 'Promtier')
    cd /Users/valencia/Downloads/Apps\ Menu\ Bar/Promtier
    

SwiftCompile normal arm64 /Users/valencia/Downloads/Apps\ Menu\ Bar/Promtier/Promtier/Views/DownsampledImageView.swift (in target 'Promtier' from project 'Promtier')
    cd /Users/valencia/Downloads/Apps\ Menu\ Bar/Promtier
    

SwiftCompile normal arm64 /Users/valencia/Downloads/Apps\ Menu\ Bar/Promtier/Promtier/Views/FolderManagerView.swift (in target 'Promtier' from project 'Promtier')
    cd /Users/valencia/Downloads/Apps\ Menu\ Bar/Promtier
    

SwiftCompile normal arm64 /Users/valencia/Downloads/Apps\ Menu\ Bar/Promtier/Promtier/Views/FullScreenImageView.swift (in target 'Promtier' from project 'Promtier')
    cd /Users/valencia/Downloads/Apps\ Menu\ Bar/Promtier
    

SwiftCompile normal arm64 /Users/valencia/Downloads/Apps\ Menu\ Bar/Promtier/Promtier/Views/GhostTipView.swift (in target 'Promtier' from project 'Promtier')
    cd /Users/valencia/Downloads/Apps\ Menu\ Bar/Promtier
    

SwiftCompile normal arm64 Compiling\ TrashView.swift,\ VariableFillView.swift,\ VersionHistoryView.swift,\ ZenEditorView.swift,\ ContentView.swift,\ PromtierApp.swift,\ GeneratedAssetSymbols.swift /Users/valencia/Downloads/Apps\ Menu\ Bar/Promtier/Promtier/Views/TrashView.swift /Users/valencia/Downloads/Apps\ Menu\ Bar/Promtier/Promtier/Views/VariableFillView.swift /Users/valencia/Downloads/Apps\ Menu\ Bar/Promtier/Promtier/Views/VersionHistoryView.swift /Users/valencia/Downloads/Apps\ Menu\ Bar/Promtier/Promtier/Views/ZenEditorView.swift /Users/valencia/Downloads/Apps\ Menu\ Bar/Promtier/Promtier/ContentView.swift /Users/valencia/Downloads/Apps\ Menu\ Bar/Promtier/Promtier/PromtierApp.swift /Users/valencia/Library/Developer/Xcode/DerivedData/Promtier-gwtwqauqniqqumfryffqozcsjphv/Build/Intermediates.noindex/Promtier.build/Debug/Promtier.build/DerivedSources/GeneratedAssetSymbols.swift (in target 'Promtier' from project 'Promtier')

SwiftCompile normal arm64 /Users/valencia/Downloads/Apps\ Menu\ Bar/Promtier/Promtier/Views/TrashView.swift (in target 'Promtier' from project 'Promtier')
    cd /Users/valencia/Downloads/Apps\ Menu\ Bar/Promtier
    

SwiftCompile normal arm64 /Users/valencia/Downloads/Apps\ Menu\ Bar/Promtier/Promtier/Views/VariableFillView.swift (in target 'Promtier' from project 'Promtier')
    cd /Users/valencia/Downloads/Apps\ Menu\ Bar/Promtier
    
/Users/valencia/Downloads/Apps Menu Bar/Promtier/Promtier/Views/VariableFillView.swift:150:20: warning: use '#selector' instead of explicitly constructing a 'Selector'
        .onCommand(Selector(("copy:"))) {
                   ^~~~~~~~~~~~~~~~~~~
                   #selector(NSText.copy(_:))

SwiftCompile normal arm64 /Users/valencia/Downloads/Apps\ Menu\ Bar/Promtier/Promtier/Views/VersionHistoryView.swift (in target 'Promtier' from project 'Promtier')
    cd /Users/valencia/Downloads/Apps\ Menu\ Bar/Promtier
    

SwiftCompile normal arm64 /Users/valencia/Downloads/Apps\ Menu\ Bar/Promtier/Promtier/Views/ZenEditorView.swift (in target 'Promtier' from project 'Promtier')
    cd /Users/valencia/Downloads/Apps\ Menu\ Bar/Promtier
    

SwiftCompile normal arm64 /Users/valencia/Downloads/Apps\ Menu\ Bar/Promtier/Promtier/ContentView.swift (in target 'Promtier' from project 'Promtier')
    cd /Users/valencia/Downloads/Apps\ Menu\ Bar/Promtier
    

SwiftCompile normal arm64 /Users/valencia/Downloads/Apps\ Menu\ Bar/Promtier/Promtier/PromtierApp.swift (in target 'Promtier' from project 'Promtier')
    cd /Users/valencia/Downloads/Apps\ Menu\ Bar/Promtier
    

SwiftCompile normal arm64 /Users/valencia/Library/Developer/Xcode/DerivedData/Promtier-gwtwqauqniqqumfryffqozcsjphv/Build/Intermediates.noindex/Promtier.build/Debug/Promtier.build/DerivedSources/GeneratedAssetSymbols.swift (in target 'Promtier' from project 'Promtier')
    cd /Users/valencia/Downloads/Apps\ Menu\ Bar/Promtier
    

SwiftEmitModule normal arm64 Emitting\ module\ for\ Promtier (in target 'Promtier' from project 'Promtier')

EmitSwiftModule normal arm64 (in target 'Promtier' from project 'Promtier')
    cd /Users/valencia/Downloads/Apps\ Menu\ Bar/Promtier
    

SwiftCompile normal arm64 Compiling\ PromptPreviewView.swift,\ ResizeHandle.swift,\ SearchViewSimple.swift,\ SharedAppPicker.swift,\ ShortcutRecorderView.swift,\ SnippetsManagerTab.swift,\ SnippetsPopupList.swift /Users/valencia/Downloads/Apps\ Menu\ Bar/Promtier/Promtier/Views/PromptPreviewView.swift /Users/valencia/Downloads/Apps\ Menu\ Bar/Promtier/Promtier/Views/ResizeHandle.swift /Users/valencia/Downloads/Apps\ Menu\ Bar/Promtier/Promtier/Views/SearchViewSimple.swift /Users/valencia/Downloads/Apps\ Menu\ Bar/Promtier/Promtier/Views/SharedAppPicker.swift /Users/valencia/Downloads/Apps\ Menu\ Bar/Promtier/Promtier/Views/ShortcutRecorderView.swift /Users/valencia/Downloads/Apps\ Menu\ Bar/Promtier/Promtier/Views/SnippetsManagerTab.swift /Users/valencia/Downloads/Apps\ Menu\ Bar/Promtier/Promtier/Views/SnippetsPopupList.swift (in target 'Promtier' from project 'Promtier')

SwiftCompile normal arm64 /Users/valencia/Downloads/Apps\ Menu\ Bar/Promtier/Promtier/Views/PromptPreviewView.swift (in target 'Promtier' from project 'Promtier')
    cd /Users/valencia/Downloads/Apps\ Menu\ Bar/Promtier
    

SwiftCompile normal arm64 /Users/valencia/Downloads/Apps\ Menu\ Bar/Promtier/Promtier/Views/ResizeHandle.swift (in target 'Promtier' from project 'Promtier')
    cd /Users/valencia/Downloads/Apps\ Menu\ Bar/Promtier
    

SwiftCompile normal arm64 /Users/valencia/Downloads/Apps\ Menu\ Bar/Promtier/Promtier/Views/SearchViewSimple.swift (in target 'Promtier' from project 'Promtier')
    cd /Users/valencia/Downloads/Apps\ Menu\ Bar/Promtier
    
/Users/valencia/Downloads/Apps Menu Bar/Promtier/Promtier/Views/SearchViewSimple.swift:202:10: warning: 'onChange(of:perform:)' was deprecated in macOS 14.0: Use `onChange` with a two or zero parameter action closure instead.
        .onChange(of: menuBarManager.suggestedClipboardContent) { newValue in
         ^

SwiftCompile normal arm64 /Users/valencia/Downloads/Apps\ Menu\ Bar/Promtier/Promtier/Views/SharedAppPicker.swift (in target 'Promtier' from project 'Promtier')
    cd /Users/valencia/Downloads/Apps\ Menu\ Bar/Promtier
    

SwiftCompile normal arm64 /Users/valencia/Downloads/Apps\ Menu\ Bar/Promtier/Promtier/Views/ShortcutRecorderView.swift (in target 'Promtier' from project 'Promtier')
    cd /Users/valencia/Downloads/Apps\ Menu\ Bar/Promtier
    

SwiftCompile normal arm64 /Users/valencia/Downloads/Apps\ Menu\ Bar/Promtier/Promtier/Views/SnippetsManagerTab.swift (in target 'Promtier' from project 'Promtier')
    cd /Users/valencia/Downloads/Apps\ Menu\ Bar/Promtier
    

SwiftCompile normal arm64 /Users/valencia/Downloads/Apps\ Menu\ Bar/Promtier/Promtier/Views/SnippetsPopupList.swift (in target 'Promtier' from project 'Promtier')
    cd /Users/valencia/Downloads/Apps\ Menu\ Bar/Promtier
    
/Users/valencia/Downloads/Apps Menu Bar/Promtier/Promtier/Views/SnippetsPopupList.swift:75:22: warning: 'onChange(of:perform:)' was deprecated in macOS 14.0: Use `onChange` with a two or zero parameter action closure instead.
                    .onChange(of: selectedIndex) { newIndex in
                     ^
/Users/valencia/Downloads/Apps Menu Bar/Promtier/Promtier/Views/SnippetsPopupList.swift:94:10: warning: 'onChange(of:perform:)' was deprecated in macOS 14.0: Use `onChange` with a two or zero parameter action closure instead.
        .onChange(of: selectedIndex) { newIndex in
         ^
/Users/valencia/Downloads/Apps Menu Bar/Promtier/Promtier/Views/SnippetsPopupList.swift:99:10: warning: 'onChange(of:perform:)' was deprecated in macOS 14.0: Use `onChange` with a two or zero parameter action closure instead.
        .onChange(of: triggerSelection) { triggered in
         ^
/Users/valencia/Downloads/Apps Menu Bar/Promtier/Promtier/Views/SnippetsPopupList.swift:112:10: warning: 'onChange(of:perform:)' was deprecated in macOS 14.0: Use `onChange` with a two or zero parameter action closure instead.
        .onChange(of: query) { _ in
         ^

SwiftCompile normal arm64 Compiling\ HighlightedEditor.swift,\ IconPickerView.swift,\ NewPromptView.swift,\ ParticleSystemView.swift,\ PreferencesView.swift,\ PremiumUpsellView.swift,\ PromptCard.swift /Users/valencia/Downloads/Apps\ Menu\ Bar/Promtier/Promtier/Views/HighlightedEditor.swift /Users/valencia/Downloads/Apps\ Menu\ Bar/Promtier/Promtier/Views/IconPickerView.swift /Users/valencia/Downloads/Apps\ Menu\ Bar/Promtier/Promtier/Views/NewPromptView.swift /Users/valencia/Downloads/Apps\ Menu\ Bar/Promtier/Promtier/Views/ParticleSystemView.swift /Users/valencia/Downloads/Apps\ Menu\ Bar/Promtier/Promtier/Views/PreferencesView.swift /Users/valencia/Downloads/Apps\ Menu\ Bar/Promtier/Promtier/Views/PremiumUpsellView.swift /Users/valencia/Downloads/Apps\ Menu\ Bar/Promtier/Promtier/Views/PromptCard.swift (in target 'Promtier' from project 'Promtier')
SwiftCompile normal arm64 /Users/valencia/Downloads/Apps\ Menu\ Bar/Promtier/Promtier/Views/HighlightedEditor.swift (in target 'Promtier' from project 'Promtier')
    cd /Users/valencia/Downloads/Apps\ Menu\ Bar/Promtier
    

SwiftCompile normal arm64 /Users/valencia/Downloads/Apps\ Menu\ Bar/Promtier/Promtier/Views/IconPickerView.swift (in target 'Promtier' from project 'Promtier')
    cd /Users/valencia/Downloads/Apps\ Menu\ Bar/Promtier
    

SwiftCompile normal arm64 /Users/valencia/Downloads/Apps\ Menu\ Bar/Promtier/Promtier/Views/NewPromptView.swift (in target 'Promtier' from project 'Promtier')
    cd /Users/valencia/Downloads/Apps\ Menu\ Bar/Promtier
    
/Users/valencia/Downloads/Apps Menu Bar/Promtier/Promtier/Views/NewPromptView.swift:526:21: warning: result of call to 'withAnimation' is unused
                    withAnimation(.easeOut(duration: 0.2)) {
                    ^            ~~~~~~~~~~~~~~~~~~~~~~~~~~~
/Users/valencia/Downloads/Apps Menu Bar/Promtier/Promtier/Views/NewPromptView.swift:450:81: warning: using '_' to ignore the result of a Void-returning function is redundant
                        DispatchQueue.main.asyncAfter(deadline: .now() + 2.0) { _ = withAnimation { branchMessage = nil } }
                                                                                ^~~~
                                                                                
/Users/valencia/Downloads/Apps Menu Bar/Promtier/Promtier/Views/NewPromptView.swift:470:81: warning: using '_' to ignore the result of a Void-returning function is redundant
                        DispatchQueue.main.asyncAfter(deadline: .now() + 2.0) { _ = withAnimation { branchMessage = nil } }
                                                                                ^~~~
                                                                                
/Users/valencia/Downloads/Apps Menu Bar/Promtier/Promtier/Views/NewPromptView.swift:601:30: warning: 'onChange(of:perform:)' was deprecated in macOS 14.0: Use `onChange` with a two or zero parameter action closure instead.
                            .onChange(of: focusNegative) { isFocused in
                             ^
/Users/valencia/Downloads/Apps Menu Bar/Promtier/Promtier/Views/NewPromptView.swift:610:30: warning: 'onChange(of:perform:)' was deprecated in macOS 14.0: Use `onChange` with a two or zero parameter action closure instead.
                            .onChange(of: focusAlternative) { isFocused in
                             ^
/Users/valencia/Downloads/Apps Menu Bar/Promtier/Promtier/Views/NewPromptView.swift:1022:20: warning: value 'existing' was defined but never used; consider replacing with boolean test
            if let existing = originalPrompt ?? prompt {
               ~~~~^~~~~~~~~~~
               (                                      ) != nil

SwiftCompile normal arm64 /Users/valencia/Downloads/Apps\ Menu\ Bar/Promtier/Promtier/Views/ParticleSystemView.swift (in target 'Promtier' from project 'Promtier')
    cd /Users/valencia/Downloads/Apps\ Menu\ Bar/Promtier
    
/Users/valencia/Downloads/Apps Menu Bar/Promtier/Promtier/Views/ParticleSystemView.swift:61:18: warning: 'onChange(of:perform:)' was deprecated in macOS 14.0: Use `onChange` with a two or zero parameter action closure instead.
                .onChange(of: ctx.date) { newDate in
                 ^

SwiftCompile normal arm64 /Users/valencia/Downloads/Apps\ Menu\ Bar/Promtier/Promtier/Views/PreferencesView.swift (in target 'Promtier' from project 'Promtier')
    cd /Users/valencia/Downloads/Apps\ Menu\ Bar/Promtier
    

SwiftCompile normal arm64 /Users/valencia/Downloads/Apps\ Menu\ Bar/Promtier/Promtier/Views/PremiumUpsellView.swift (in target 'Promtier' from project 'Promtier')
    cd /Users/valencia/Downloads/Apps\ Menu\ Bar/Promtier
    

SwiftCompile normal arm64 /Users/valencia/Downloads/Apps\ Menu\ Bar/Promtier/Promtier/Views/PromptCard.swift (in target 'Promtier' from project 'Promtier')
    cd /Users/valencia/Downloads/Apps\ Menu\ Bar/Promtier
    
/Users/valencia/Downloads/Apps Menu Bar/Promtier/Promtier/Views/PromptCard.swift:141:27: warning: value 'folder' was defined but never used; consider replacing with boolean test
            } else if let folder = prompt.folder {
                      ~~~~^~~~~~~~~
                                                 != nil

SwiftCompile normal arm64 Compiling\ ClipboardService.swift,\ DraftService.swift,\ HapticService.swift,\ ImageDecodeCache.swift,\ ImageDecodeThrottler.swift,\ ImageOptimizer.swift,\ ImageStore.swift,\ MenuBarManager.swift /Users/valencia/Downloads/Apps\ Menu\ Bar/Promtier/Promtier/Services/ClipboardService.swift /Users/valencia/Downloads/Apps\ Menu\ Bar/Promtier/Promtier/Services/DraftService.swift /Users/valencia/Downloads/Apps\ Menu\ Bar/Promtier/Promtier/Services/HapticService.swift /Users/valencia/Downloads/Apps\ Menu\ Bar/Promtier/Promtier/Services/ImageDecodeCache.swift /Users/valencia/Downloads/Apps\ Menu\ Bar/Promtier/Promtier/Services/ImageDecodeThrottler.swift /Users/valencia/Downloads/Apps\ Menu\ Bar/Promtier/Promtier/Services/ImageOptimizer.swift /Users/valencia/Downloads/Apps\ Menu\ Bar/Promtier/Promtier/Services/ImageStore.swift /Users/valencia/Downloads/Apps\ Menu\ Bar/Promtier/Promtier/Services/MenuBarManager.swift (in target 'Promtier' from project 'Promtier')

SwiftCompile normal arm64 /Users/valencia/Downloads/Apps\ Menu\ Bar/Promtier/Promtier/Services/ClipboardService.swift (in target 'Promtier' from project 'Promtier')
    cd /Users/valencia/Downloads/Apps\ Menu\ Bar/Promtier
    

SwiftCompile normal arm64 /Users/valencia/Downloads/Apps\ Menu\ Bar/Promtier/Promtier/Services/DraftService.swift (in target 'Promtier' from project 'Promtier')
    cd /Users/valencia/Downloads/Apps\ Menu\ Bar/Promtier
    

SwiftCompile normal arm64 /Users/valencia/Downloads/Apps\ Menu\ Bar/Promtier/Promtier/Services/HapticService.swift (in target 'Promtier' from project 'Promtier')
    cd /Users/valencia/Downloads/Apps\ Menu\ Bar/Promtier
    

SwiftCompile normal arm64 /Users/valencia/Downloads/Apps\ Menu\ Bar/Promtier/Promtier/Services/ImageDecodeCache.swift (in target 'Promtier' from project 'Promtier')
    cd /Users/valencia/Downloads/Apps\ Menu\ Bar/Promtier
    

SwiftCompile normal arm64 /Users/valencia/Downloads/Apps\ Menu\ Bar/Promtier/Promtier/Services/ImageDecodeThrottler.swift (in target 'Promtier' from project 'Promtier')
    cd /Users/valencia/Downloads/Apps\ Menu\ Bar/Promtier
    

SwiftCompile normal arm64 /Users/valencia/Downloads/Apps\ Menu\ Bar/Promtier/Promtier/Services/ImageOptimizer.swift (in target 'Promtier' from project 'Promtier')
    cd /Users/valencia/Downloads/Apps\ Menu\ Bar/Promtier
    

SwiftCompile normal arm64 /Users/valencia/Downloads/Apps\ Menu\ Bar/Promtier/Promtier/Services/ImageStore.swift (in target 'Promtier' from project 'Promtier')
    cd /Users/valencia/Downloads/Apps\ Menu\ Bar/Promtier
    

SwiftCompile normal arm64 /Users/valencia/Downloads/Apps\ Menu\ Bar/Promtier/Promtier/Services/MenuBarManager.swift (in target 'Promtier' from project 'Promtier')
    cd /Users/valencia/Downloads/Apps\ Menu\ Bar/Promtier
    

SwiftCompile normal arm64 Compiling\ PreferencesManager.swift,\ PromptService.swift,\ ShortcutManager.swift,\ SoundService.swift,\ UpdateProvider.swift,\ ZipService.swift,\ AIAssistantBar.swift,\ BatchToolbarView.swift /Users/valencia/Downloads/Apps\ Menu\ Bar/Promtier/Promtier/Services/PreferencesManager.swift /Users/valencia/Downloads/Apps\ Menu\ Bar/Promtier/Promtier/Services/PromptService.swift /Users/valencia/Downloads/Apps\ Menu\ Bar/Promtier/Promtier/Services/ShortcutManager.swift /Users/valencia/Downloads/Apps\ Menu\ Bar/Promtier/Promtier/Services/SoundService.swift /Users/valencia/Downloads/Apps\ Menu\ Bar/Promtier/Promtier/Services/UpdateProvider.swift /Users/valencia/Downloads/Apps\ Menu\ Bar/Promtier/Promtier/Services/ZipService.swift /Users/valencia/Downloads/Apps\ Menu\ Bar/Promtier/Promtier/Views/AIAssistantBar.swift /Users/valencia/Downloads/Apps\ Menu\ Bar/Promtier/Promtier/Views/BatchToolbarView.swift (in target 'Promtier' from project 'Promtier')

SwiftCompile normal arm64 /Users/valencia/Downloads/Apps\ Menu\ Bar/Promtier/Promtier/Services/PreferencesManager.swift (in target 'Promtier' from project 'Promtier')
    cd /Users/valencia/Downloads/Apps\ Menu\ Bar/Promtier
    

SwiftCompile normal arm64 /Users/valencia/Downloads/Apps\ Menu\ Bar/Promtier/Promtier/Services/PromptService.swift (in target 'Promtier' from project 'Promtier')
    cd /Users/valencia/Downloads/Apps\ Menu\ Bar/Promtier
    

SwiftCompile normal arm64 /Users/valencia/Downloads/Apps\ Menu\ Bar/Promtier/Promtier/Services/ShortcutManager.swift (in target 'Promtier' from project 'Promtier')
    cd /Users/valencia/Downloads/Apps\ Menu\ Bar/Promtier
    

SwiftCompile normal arm64 /Users/valencia/Downloads/Apps\ Menu\ Bar/Promtier/Promtier/Services/SoundService.swift (in target 'Promtier' from project 'Promtier')
    cd /Users/valencia/Downloads/Apps\ Menu\ Bar/Promtier
    

SwiftCompile normal arm64 /Users/valencia/Downloads/Apps\ Menu\ Bar/Promtier/Promtier/Services/UpdateProvider.swift (in target 'Promtier' from project 'Promtier')
    cd /Users/valencia/Downloads/Apps\ Menu\ Bar/Promtier
    

SwiftCompile normal arm64 /Users/valencia/Downloads/Apps\ Menu\ Bar/Promtier/Promtier/Services/ZipService.swift (in target 'Promtier' from project 'Promtier')
    cd /Users/valencia/Downloads/Apps\ Menu\ Bar/Promtier
    

SwiftCompile normal arm64 /Users/valencia/Downloads/Apps\ Menu\ Bar/Promtier/Promtier/Views/AIAssistantBar.swift (in target 'Promtier' from project 'Promtier')
    cd /Users/valencia/Downloads/Apps\ Menu\ Bar/Promtier
    

SwiftCompile normal arm64 /Users/valencia/Downloads/Apps\ Menu\ Bar/Promtier/Promtier/Views/BatchToolbarView.swift (in target 'Promtier' from project 'Promtier')
    cd /Users/valencia/Downloads/Apps\ Menu\ Bar/Promtier
    

SwiftDriverJobDiscovery normal arm64 Compiling String+Extensions.swift, BackupArchive.swift, Folder.swift, IdentifiableURL.swift, Prompt.swift, Snippet.swift, TemplateVariable.swift, BatchOperationsService.swift (in target 'Promtier' from project 'Promtier')

SwiftDriverJobDiscovery normal arm64 Compiling DataController.swift, FolderEntity.swift, FolderEntity+Extensions.swift, NSManagedObjectContext+Compat.swift, PromptEntity.swift, PromptEntity+Extensions.swift, UTI+Extensions.swift, Color+Extensions.swift (in target 'Promtier' from project 'Promtier')

SwiftDriverJobDiscovery normal arm64 Emitting module for Promtier (in target 'Promtier' from project 'Promtier')

SwiftDriver\ Compilation\ Requirements Promtier normal arm64 com.apple.xcode.tools.swift.compiler (in target 'Promtier' from project 'Promtier')
    cd /Users/valencia/Downloads/Apps\ Menu\ Bar/Promtier
    builtin-Swift-Compilation-Requirements -- /Applications/Xcode.app/Contents/Developer/Toolchains/XcodeDefault.xctoolchain/usr/bin/swiftc -module-name Promtier -Onone -enforce-exclusivity\=checked @/Users/valencia/Library/Developer/Xcode/DerivedData/Promtier-gwtwqauqniqqumfryffqozcsjphv/Build/Intermediates.noindex/Promtier.build/Debug/Promtier.build/Objects-normal/arm64/Promtier.SwiftFileList -DDEBUG -default-isolation\=MainActor -enable-bare-slash-regex -enable-upcoming-feature DisableOutwardActorInference -enable-upcoming-feature InferSendableFromCaptures -enable-upcoming-feature GlobalActorIsolatedTypesUsability -enable-upcoming-feature MemberImportVisibility -enable-upcoming-feature InferIsolatedConformances -enable-upcoming-feature NonisolatedNonsendingByDefault -enable-experimental-feature DebugDescriptionMacro -sdk /Applications/Xcode.app/Contents/Developer/Platforms/MacOSX.platform/Developer/SDKs/MacOSX26.2.sdk -target arm64-apple-macos15.6 -g -module-cache-path /Users/valencia/Library/Developer/Xcode/DerivedData/ModuleCache.noindex -Xfrontend -serialize-debugging-options -enable-testing -index-store-path /Users/valencia/Library/Developer/Xcode/DerivedData/Promtier-gwtwqauqniqqumfryffqozcsjphv/Index.noindex/DataStore -Xcc -D_LIBCPP_HARDENING_MODE\=_LIBCPP_HARDENING_MODE_DEBUG -swift-version 5 -I /Users/valencia/Library/Developer/Xcode/DerivedData/Promtier-gwtwqauqniqqumfryffqozcsjphv/Build/Products/Debug -F /Users/valencia/Library/Developer/Xcode/DerivedData/Promtier-gwtwqauqniqqumfryffqozcsjphv/Build/Products/Debug -emit-localized-strings -emit-localized-strings-path /Users/valencia/Library/Developer/Xcode/DerivedData/Promtier-gwtwqauqniqqumfryffqozcsjphv/Build/Intermediates.noindex/Promtier.build/Debug/Promtier.build/Objects-normal/arm64 -c -j8 -enable-batch-mode -incremental -Xcc -ivfsstatcache -Xcc /Users/valencia/Library/Developer/Xcode/DerivedData/SDKStatCaches.noindex/macosx26.2-25C57-00fa09913b459cbbc988d1f6730289ae.sdkstatcache -output-file-map /Users/valencia/Library/Developer/Xcode/DerivedData/Promtier-gwtwqauqniqqumfryffqozcsjphv/Build/Intermediates.noindex/Promtier.build/Debug/Promtier.build/Objects-normal/arm64/Promtier-OutputFileMap.json -use-frontend-parseable-output -save-temps -no-color-diagnostics -explicit-module-build -module-cache-path /Users/valencia/Library/Developer/Xcode/DerivedData/Promtier-gwtwqauqniqqumfryffqozcsjphv/Build/Intermediates.noindex/SwiftExplicitPrecompiledModules -clang-scanner-module-cache-path /Users/valencia/Library/Developer/Xcode/DerivedData/ModuleCache.noindex -sdk-module-cache-path /Users/valencia/Library/Developer/Xcode/DerivedData/ModuleCache.noindex -serialize-diagnostics -emit-dependencies -emit-module -emit-module-path /Users/valencia/Library/Developer/Xcode/DerivedData/Promtier-gwtwqauqniqqumfryffqozcsjphv/Build/Intermediates.noindex/Promtier.build/Debug/Promtier.build/Objects-normal/arm64/Promtier.swiftmodule -validate-clang-modules-once -clang-build-session-file /Users/valencia/Library/Developer/Xcode/DerivedData/ModuleCache.noindex/Session.modulevalidation -Xcc -I/Users/valencia/Library/Developer/Xcode/DerivedData/Promtier-gwtwqauqniqqumfryffqozcsjphv/Build/Intermediates.noindex/Promtier.build/Debug/Promtier.build/swift-overrides.hmap -emit-const-values -Xfrontend -const-gather-protocols-file -Xfrontend /Users/valencia/Library/Developer/Xcode/DerivedData/Promtier-gwtwqauqniqqumfryffqozcsjphv/Build/Intermediates.noindex/Promtier.build/Debug/Promtier.build/Objects-normal/arm64/Promtier_const_extract_protocols.json -Xcc -iquote -Xcc /Users/valencia/Library/Developer/Xcode/DerivedData/Promtier-gwtwqauqniqqumfryffqozcsjphv/Build/Intermediates.noindex/Promtier.build/Debug/Promtier.build/Promtier-generated-files.hmap -Xcc -I/Users/valencia/Library/Developer/Xcode/DerivedData/Promtier-gwtwqauqniqqumfryffqozcsjphv/Build/Intermediates.noindex/Promtier.build/Debug/Promtier.build/Promtier-own-target-headers.hmap -Xcc -I/Users/valencia/Library/Developer/Xcode/DerivedData/Promtier-gwtwqauqniqqumfryffqozcsjphv/Build/Intermediates.noindex/Promtier.build/Debug/Promtier.build/Promtier-all-target-headers.hmap -Xcc -iquote -Xcc /Users/valencia/Library/Developer/Xcode/DerivedData/Promtier-gwtwqauqniqqumfryffqozcsjphv/Build/Intermediates.noindex/Promtier.build/Debug/Promtier.build/Promtier-project-headers.hmap -Xcc -I/Users/valencia/Library/Developer/Xcode/DerivedData/Promtier-gwtwqauqniqqumfryffqozcsjphv/Build/Products/Debug/include -Xcc -I/Users/valencia/Library/Developer/Xcode/DerivedData/Promtier-gwtwqauqniqqumfryffqozcsjphv/Build/Intermediates.noindex/Promtier.build/Debug/Promtier.build/DerivedSources-normal/arm64 -Xcc -I/Users/valencia/Library/Developer/Xcode/DerivedData/Promtier-gwtwqauqniqqumfryffqozcsjphv/Build/Intermediates.noindex/Promtier.build/Debug/Promtier.build/DerivedSources/arm64 -Xcc -I/Users/valencia/Library/Developer/Xcode/DerivedData/Promtier-gwtwqauqniqqumfryffqozcsjphv/Build/Intermediates.noindex/Promtier.build/Debug/Promtier.build/DerivedSources -Xcc -DDEBUG\=1 -emit-objc-header -emit-objc-header-path /Users/valencia/Library/Developer/Xcode/DerivedData/Promtier-gwtwqauqniqqumfryffqozcsjphv/Build/Intermediates.noindex/Promtier.build/Debug/Promtier.build/Objects-normal/arm64/Promtier-Swift.h -working-directory /Users/valencia/Downloads/Apps\ Menu\ Bar/Promtier -experimental-emit-module-separately -disable-cmo

Copy /Users/valencia/Library/Developer/Xcode/DerivedData/Promtier-gwtwqauqniqqumfryffqozcsjphv/Build/Products/Debug/Promtier.swiftmodule/arm64-apple-macos.swiftdoc /Users/valencia/Library/Developer/Xcode/DerivedData/Promtier-gwtwqauqniqqumfryffqozcsjphv/Build/Intermediates.noindex/Promtier.build/Debug/Promtier.build/Objects-normal/arm64/Promtier.swiftdoc (in target 'Promtier' from project 'Promtier')
    cd /Users/valencia/Downloads/Apps\ Menu\ Bar/Promtier
    builtin-copy -exclude .DS_Store -exclude CVS -exclude .svn -exclude .git -exclude .hg -resolve-src-symlinks -rename /Users/valencia/Library/Developer/Xcode/DerivedData/Promtier-gwtwqauqniqqumfryffqozcsjphv/Build/Intermediates.noindex/Promtier.build/Debug/Promtier.build/Objects-normal/arm64/Promtier.swiftdoc /Users/valencia/Library/Developer/Xcode/DerivedData/Promtier-gwtwqauqniqqumfryffqozcsjphv/Build/Products/Debug/Promtier.swiftmodule/arm64-apple-macos.swiftdoc

Copy /Users/valencia/Library/Developer/Xcode/DerivedData/Promtier-gwtwqauqniqqumfryffqozcsjphv/Build/Products/Debug/Promtier.swiftmodule/arm64-apple-macos.swiftmodule /Users/valencia/Library/Developer/Xcode/DerivedData/Promtier-gwtwqauqniqqumfryffqozcsjphv/Build/Intermediates.noindex/Promtier.build/Debug/Promtier.build/Objects-normal/arm64/Promtier.swiftmodule (in target 'Promtier' from project 'Promtier')
    cd /Users/valencia/Downloads/Apps\ Menu\ Bar/Promtier
    builtin-copy -exclude .DS_Store -exclude CVS -exclude .svn -exclude .git -exclude .hg -resolve-src-symlinks -rename /Users/valencia/Library/Developer/Xcode/DerivedData/Promtier-gwtwqauqniqqumfryffqozcsjphv/Build/Intermediates.noindex/Promtier.build/Debug/Promtier.build/Objects-normal/arm64/Promtier.swiftmodule /Users/valencia/Library/Developer/Xcode/DerivedData/Promtier-gwtwqauqniqqumfryffqozcsjphv/Build/Products/Debug/Promtier.swiftmodule/arm64-apple-macos.swiftmodule

Copy /Users/valencia/Library/Developer/Xcode/DerivedData/Promtier-gwtwqauqniqqumfryffqozcsjphv/Build/Products/Debug/Promtier.swiftmodule/arm64-apple-macos.abi.json /Users/valencia/Library/Developer/Xcode/DerivedData/Promtier-gwtwqauqniqqumfryffqozcsjphv/Build/Intermediates.noindex/Promtier.build/Debug/Promtier.build/Objects-normal/arm64/Promtier.abi.json (in target 'Promtier' from project 'Promtier')
    cd /Users/valencia/Downloads/Apps\ Menu\ Bar/Promtier
    builtin-copy -exclude .DS_Store -exclude CVS -exclude .svn -exclude .git -exclude .hg -resolve-src-symlinks -rename /Users/valencia/Library/Developer/Xcode/DerivedData/Promtier-gwtwqauqniqqumfryffqozcsjphv/Build/Intermediates.noindex/Promtier.build/Debug/Promtier.build/Objects-normal/arm64/Promtier.abi.json /Users/valencia/Library/Developer/Xcode/DerivedData/Promtier-gwtwqauqniqqumfryffqozcsjphv/Build/Products/Debug/Promtier.swiftmodule/arm64-apple-macos.abi.json

Copy /Users/valencia/Library/Developer/Xcode/DerivedData/Promtier-gwtwqauqniqqumfryffqozcsjphv/Build/Products/Debug/Promtier.swiftmodule/Project/arm64-apple-macos.swiftsourceinfo /Users/valencia/Library/Developer/Xcode/DerivedData/Promtier-gwtwqauqniqqumfryffqozcsjphv/Build/Intermediates.noindex/Promtier.build/Debug/Promtier.build/Objects-normal/arm64/Promtier.swiftsourceinfo (in target 'Promtier' from project 'Promtier')
    cd /Users/valencia/Downloads/Apps\ Menu\ Bar/Promtier
    builtin-copy -exclude .DS_Store -exclude CVS -exclude .svn -exclude .git -exclude .hg -resolve-src-symlinks -rename /Users/valencia/Library/Developer/Xcode/DerivedData/Promtier-gwtwqauqniqqumfryffqozcsjphv/Build/Intermediates.noindex/Promtier.build/Debug/Promtier.build/Objects-normal/arm64/Promtier.swiftsourceinfo /Users/valencia/Library/Developer/Xcode/DerivedData/Promtier-gwtwqauqniqqumfryffqozcsjphv/Build/Products/Debug/Promtier.swiftmodule/Project/arm64-apple-macos.swiftsourceinfo

SwiftDriverJobDiscovery normal arm64 Compiling ClipboardService.swift, DraftService.swift, HapticService.swift, ImageDecodeCache.swift, ImageDecodeThrottler.swift, ImageOptimizer.swift, ImageStore.swift, MenuBarManager.swift (in target 'Promtier' from project 'Promtier')

SwiftDriverJobDiscovery normal arm64 Compiling TrashView.swift, VariableFillView.swift, VersionHistoryView.swift, ZenEditorView.swift, ContentView.swift, PromtierApp.swift, GeneratedAssetSymbols.swift (in target 'Promtier' from project 'Promtier')

SwiftDriverJobDiscovery normal arm64 Compiling PreferencesManager.swift, PromptService.swift, ShortcutManager.swift, SoundService.swift, UpdateProvider.swift, ZipService.swift, AIAssistantBar.swift, BatchToolbarView.swift (in target 'Promtier' from project 'Promtier')

SwiftDriverJobDiscovery normal arm64 Compiling PromptPreviewView.swift, ResizeHandle.swift, SearchViewSimple.swift, SharedAppPicker.swift, ShortcutRecorderView.swift, SnippetsManagerTab.swift, SnippetsPopupList.swift (in target 'Promtier' from project 'Promtier')

SwiftDriverJobDiscovery normal arm64 Compiling CategorySelectorButton.swift, CategorySidebar.swift, DiffView.swift, DownsampledImageURLView.swift, DownsampledImageView.swift, FolderManagerView.swift, FullScreenImageView.swift, GhostTipView.swift (in target 'Promtier' from project 'Promtier')

SwiftDriverJobDiscovery normal arm64 Compiling HighlightedEditor.swift, IconPickerView.swift, NewPromptView.swift, ParticleSystemView.swift, PreferencesView.swift, PremiumUpsellView.swift, PromptCard.swift (in target 'Promtier' from project 'Promtier')

SwiftDriver\ Compilation Promtier normal arm64 com.apple.xcode.tools.swift.compiler (in target 'Promtier' from project 'Promtier')
    cd /Users/valencia/Downloads/Apps\ Menu\ Bar/Promtier
    builtin-Swift-Compilation -- /Applications/Xcode.app/Contents/Developer/Toolchains/XcodeDefault.xctoolchain/usr/bin/swiftc -module-name Promtier -Onone -enforce-exclusivity\=checked @/Users/valencia/Library/Developer/Xcode/DerivedData/Promtier-gwtwqauqniqqumfryffqozcsjphv/Build/Intermediates.noindex/Promtier.build/Debug/Promtier.build/Objects-normal/arm64/Promtier.SwiftFileList -DDEBUG -default-isolation\=MainActor -enable-bare-slash-regex -enable-upcoming-feature DisableOutwardActorInference -enable-upcoming-feature InferSendableFromCaptures -enable-upcoming-feature GlobalActorIsolatedTypesUsability -enable-upcoming-feature MemberImportVisibility -enable-upcoming-feature InferIsolatedConformances -enable-upcoming-feature NonisolatedNonsendingByDefault -enable-experimental-feature DebugDescriptionMacro -sdk /Applications/Xcode.app/Contents/Developer/Platforms/MacOSX.platform/Developer/SDKs/MacOSX26.2.sdk -target arm64-apple-macos15.6 -g -module-cache-path /Users/valencia/Library/Developer/Xcode/DerivedData/ModuleCache.noindex -Xfrontend -serialize-debugging-options -enable-testing -index-store-path /Users/valencia/Library/Developer/Xcode/DerivedData/Promtier-gwtwqauqniqqumfryffqozcsjphv/Index.noindex/DataStore -Xcc -D_LIBCPP_HARDENING_MODE\=_LIBCPP_HARDENING_MODE_DEBUG -swift-version 5 -I /Users/valencia/Library/Developer/Xcode/DerivedData/Promtier-gwtwqauqniqqumfryffqozcsjphv/Build/Products/Debug -F /Users/valencia/Library/Developer/Xcode/DerivedData/Promtier-gwtwqauqniqqumfryffqozcsjphv/Build/Products/Debug -emit-localized-strings -emit-localized-strings-path /Users/valencia/Library/Developer/Xcode/DerivedData/Promtier-gwtwqauqniqqumfryffqozcsjphv/Build/Intermediates.noindex/Promtier.build/Debug/Promtier.build/Objects-normal/arm64 -c -j8 -enable-batch-mode -incremental -Xcc -ivfsstatcache -Xcc /Users/valencia/Library/Developer/Xcode/DerivedData/SDKStatCaches.noindex/macosx26.2-25C57-00fa09913b459cbbc988d1f6730289ae.sdkstatcache -output-file-map /Users/valencia/Library/Developer/Xcode/DerivedData/Promtier-gwtwqauqniqqumfryffqozcsjphv/Build/Intermediates.noindex/Promtier.build/Debug/Promtier.build/Objects-normal/arm64/Promtier-OutputFileMap.json -use-frontend-parseable-output -save-temps -no-color-diagnostics -explicit-module-build -module-cache-path /Users/valencia/Library/Developer/Xcode/DerivedData/Promtier-gwtwqauqniqqumfryffqozcsjphv/Build/Intermediates.noindex/SwiftExplicitPrecompiledModules -clang-scanner-module-cache-path /Users/valencia/Library/Developer/Xcode/DerivedData/ModuleCache.noindex -sdk-module-cache-path /Users/valencia/Library/Developer/Xcode/DerivedData/ModuleCache.noindex -serialize-diagnostics -emit-dependencies -emit-module -emit-module-path /Users/valencia/Library/Developer/Xcode/DerivedData/Promtier-gwtwqauqniqqumfryffqozcsjphv/Build/Intermediates.noindex/Promtier.build/Debug/Promtier.build/Objects-normal/arm64/Promtier.swiftmodule -validate-clang-modules-once -clang-build-session-file /Users/valencia/Library/Developer/Xcode/DerivedData/ModuleCache.noindex/Session.modulevalidation -Xcc -I/Users/valencia/Library/Developer/Xcode/DerivedData/Promtier-gwtwqauqniqqumfryffqozcsjphv/Build/Intermediates.noindex/Promtier.build/Debug/Promtier.build/swift-overrides.hmap -emit-const-values -Xfrontend -const-gather-protocols-file -Xfrontend /Users/valencia/Library/Developer/Xcode/DerivedData/Promtier-gwtwqauqniqqumfryffqozcsjphv/Build/Intermediates.noindex/Promtier.build/Debug/Promtier.build/Objects-normal/arm64/Promtier_const_extract_protocols.json -Xcc -iquote -Xcc /Users/valencia/Library/Developer/Xcode/DerivedData/Promtier-gwtwqauqniqqumfryffqozcsjphv/Build/Intermediates.noindex/Promtier.build/Debug/Promtier.build/Promtier-generated-files.hmap -Xcc -I/Users/valencia/Library/Developer/Xcode/DerivedData/Promtier-gwtwqauqniqqumfryffqozcsjphv/Build/Intermediates.noindex/Promtier.build/Debug/Promtier.build/Promtier-own-target-headers.hmap -Xcc -I/Users/valencia/Library/Developer/Xcode/DerivedData/Promtier-gwtwqauqniqqumfryffqozcsjphv/Build/Intermediates.noindex/Promtier.build/Debug/Promtier.build/Promtier-all-target-headers.hmap -Xcc -iquote -Xcc /Users/valencia/Library/Developer/Xcode/DerivedData/Promtier-gwtwqauqniqqumfryffqozcsjphv/Build/Intermediates.noindex/Promtier.build/Debug/Promtier.build/Promtier-project-headers.hmap -Xcc -I/Users/valencia/Library/Developer/Xcode/DerivedData/Promtier-gwtwqauqniqqumfryffqozcsjphv/Build/Products/Debug/include -Xcc -I/Users/valencia/Library/Developer/Xcode/DerivedData/Promtier-gwtwqauqniqqumfryffqozcsjphv/Build/Intermediates.noindex/Promtier.build/Debug/Promtier.build/DerivedSources-normal/arm64 -Xcc -I/Users/valencia/Library/Developer/Xcode/DerivedData/Promtier-gwtwqauqniqqumfryffqozcsjphv/Build/Intermediates.noindex/Promtier.build/Debug/Promtier.build/DerivedSources/arm64 -Xcc -I/Users/valencia/Library/Developer/Xcode/DerivedData/Promtier-gwtwqauqniqqumfryffqozcsjphv/Build/Intermediates.noindex/Promtier.build/Debug/Promtier.build/DerivedSources -Xcc -DDEBUG\=1 -emit-objc-header -emit-objc-header-path /Users/valencia/Library/Developer/Xcode/DerivedData/Promtier-gwtwqauqniqqumfryffqozcsjphv/Build/Intermediates.noindex/Promtier.build/Debug/Promtier.build/Objects-normal/arm64/Promtier-Swift.h -working-directory /Users/valencia/Downloads/Apps\ Menu\ Bar/Promtier -experimental-emit-module-separately -disable-cmo

Ld /Users/valencia/Library/Developer/Xcode/DerivedData/Promtier-gwtwqauqniqqumfryffqozcsjphv/Build/Products/Debug/Promtier.app/Contents/MacOS/Promtier.debug.dylib normal (in target 'Promtier' from project 'Promtier')
    cd /Users/valencia/Downloads/Apps\ Menu\ Bar/Promtier
    /Applications/Xcode.app/Contents/Developer/Toolchains/XcodeDefault.xctoolchain/usr/bin/clang -Xlinker -reproducible -target arm64-apple-macos15.6 -dynamiclib -isysroot /Applications/Xcode.app/Contents/Developer/Platforms/MacOSX.platform/Developer/SDKs/MacOSX26.2.sdk -O0 -L/Users/valencia/Library/Developer/Xcode/DerivedData/Promtier-gwtwqauqniqqumfryffqozcsjphv/Build/Intermediates.noindex/EagerLinkingTBDs/Debug -L/Users/valencia/Library/Developer/Xcode/DerivedData/Promtier-gwtwqauqniqqumfryffqozcsjphv/Build/Products/Debug -F/Users/valencia/Library/Developer/Xcode/DerivedData/Promtier-gwtwqauqniqqumfryffqozcsjphv/Build/Intermediates.noindex/EagerLinkingTBDs/Debug -F/Users/valencia/Library/Developer/Xcode/DerivedData/Promtier-gwtwqauqniqqumfryffqozcsjphv/Build/Products/Debug -filelist /Users/valencia/Library/Developer/Xcode/DerivedData/Promtier-gwtwqauqniqqumfryffqozcsjphv/Build/Intermediates.noindex/Promtier.build/Debug/Promtier.build/Objects-normal/arm64/Promtier.LinkFileList -install_name @rpath/Promtier.debug.dylib -Xlinker -rpath -Xlinker /usr/lib/swift -Xlinker -rpath -Xlinker @executable_path/../Frameworks -Xlinker -object_path_lto -Xlinker /Users/valencia/Library/Developer/Xcode/DerivedData/Promtier-gwtwqauqniqqumfryffqozcsjphv/Build/Intermediates.noindex/Promtier.build/Debug/Promtier.build/Objects-normal/arm64/Promtier_lto.o -rdynamic -Xlinker -no_deduplicate -Xlinker -dependency_info -Xlinker /Users/valencia/Library/Developer/Xcode/DerivedData/Promtier-gwtwqauqniqqumfryffqozcsjphv/Build/Intermediates.noindex/Promtier.build/Debug/Promtier.build/Objects-normal/arm64/Promtier_dependency_info.dat -fobjc-link-runtime -L/Applications/Xcode.app/Contents/Developer/Toolchains/XcodeDefault.xctoolchain/usr/lib/swift/macosx -L/usr/lib/swift -Xlinker -add_ast_path -Xlinker /Users/valencia/Library/Developer/Xcode/DerivedData/Promtier-gwtwqauqniqqumfryffqozcsjphv/Build/Intermediates.noindex/Promtier.build/Debug/Promtier.build/Objects-normal/arm64/Promtier.swiftmodule @/Users/valencia/Library/Developer/Xcode/DerivedData/Promtier-gwtwqauqniqqumfryffqozcsjphv/Build/Intermediates.noindex/Promtier.build/Debug/Promtier.build/Objects-normal/arm64/Promtier-linker-args.resp -Xlinker -alias -Xlinker _main -Xlinker ___debug_main_executable_dylib_entry_point -framework Sparkle -Xlinker -no_adhoc_codesign -o /Users/valencia/Library/Developer/Xcode/DerivedData/Promtier-gwtwqauqniqqumfryffqozcsjphv/Build/Products/Debug/Promtier.app/Contents/MacOS/Promtier.debug.dylib

ConstructStubExecutorLinkFileList /Users/valencia/Library/Developer/Xcode/DerivedData/Promtier-gwtwqauqniqqumfryffqozcsjphv/Build/Intermediates.noindex/Promtier.build/Debug/Promtier.build/Promtier-ExecutorLinkFileList-normal-arm64.txt (in target 'Promtier' from project 'Promtier')
    cd /Users/valencia/Downloads/Apps\ Menu\ Bar/Promtier
    construct-stub-executor-link-file-list /Users/valencia/Library/Developer/Xcode/DerivedData/Promtier-gwtwqauqniqqumfryffqozcsjphv/Build/Products/Debug/Promtier.app/Contents/MacOS/Promtier.debug.dylib /Applications/Xcode.app/Contents/Developer/Platforms/MacOSX.platform/Developer/usr/lib/libPreviewsJITStubExecutor_no_swift_entry_point.a /Applications/Xcode.app/Contents/Developer/Platforms/MacOSX.platform/Developer/usr/lib/libPreviewsJITStubExecutor.a --output /Users/valencia/Library/Developer/Xcode/DerivedData/Promtier-gwtwqauqniqqumfryffqozcsjphv/Build/Intermediates.noindex/Promtier.build/Debug/Promtier.build/Promtier-ExecutorLinkFileList-normal-arm64.txt
note: Using stub executor library with Swift entry point. (in target 'Promtier' from project 'Promtier')

Ld /Users/valencia/Library/Developer/Xcode/DerivedData/Promtier-gwtwqauqniqqumfryffqozcsjphv/Build/Products/Debug/Promtier.app/Contents/MacOS/Promtier normal (in target 'Promtier' from project 'Promtier')
    cd /Users/valencia/Downloads/Apps\ Menu\ Bar/Promtier
    /Applications/Xcode.app/Contents/Developer/Toolchains/XcodeDefault.xctoolchain/usr/bin/clang -Xlinker -reproducible -target arm64-apple-macos15.6 -isysroot /Applications/Xcode.app/Contents/Developer/Platforms/MacOSX.platform/Developer/SDKs/MacOSX26.2.sdk -O0 -L/Users/valencia/Library/Developer/Xcode/DerivedData/Promtier-gwtwqauqniqqumfryffqozcsjphv/Build/Products/Debug -F/Users/valencia/Library/Developer/Xcode/DerivedData/Promtier-gwtwqauqniqqumfryffqozcsjphv/Build/Products/Debug -Xlinker -rpath -Xlinker @executable_path -Xlinker -rpath -Xlinker @executable_path/../Frameworks -rdynamic -Xlinker -no_deduplicate -e ___debug_blank_executor_main -Xlinker -sectcreate -Xlinker __TEXT -Xlinker __debug_dylib -Xlinker /Users/valencia/Library/Developer/Xcode/DerivedData/Promtier-gwtwqauqniqqumfryffqozcsjphv/Build/Intermediates.noindex/Promtier.build/Debug/Promtier.build/Promtier-DebugDylibPath-normal-arm64.txt -Xlinker -sectcreate -Xlinker __TEXT -Xlinker __debug_instlnm -Xlinker /Users/valencia/Library/Developer/Xcode/DerivedData/Promtier-gwtwqauqniqqumfryffqozcsjphv/Build/Intermediates.noindex/Promtier.build/Debug/Promtier.build/Promtier-DebugDylibInstallName-normal-arm64.txt -Xlinker -filelist -Xlinker /Users/valencia/Library/Developer/Xcode/DerivedData/Promtier-gwtwqauqniqqumfryffqozcsjphv/Build/Intermediates.noindex/Promtier.build/Debug/Promtier.build/Promtier-ExecutorLinkFileList-normal-arm64.txt /Users/valencia/Library/Developer/Xcode/DerivedData/Promtier-gwtwqauqniqqumfryffqozcsjphv/Build/Products/Debug/Promtier.app/Contents/MacOS/Promtier.debug.dylib -Xlinker -no_adhoc_codesign -o /Users/valencia/Library/Developer/Xcode/DerivedData/Promtier-gwtwqauqniqqumfryffqozcsjphv/Build/Products/Debug/Promtier.app/Contents/MacOS/Promtier

ExtractAppIntentsMetadata (in target 'Promtier' from project 'Promtier')
    cd /Users/valencia/Downloads/Apps\ Menu\ Bar/Promtier
    /Applications/Xcode.app/Contents/Developer/Toolchains/XcodeDefault.xctoolchain/usr/bin/appintentsmetadataprocessor --toolchain-dir /Applications/Xcode.app/Contents/Developer/Toolchains/XcodeDefault.xctoolchain --module-name Promtier --sdk-root /Applications/Xcode.app/Contents/Developer/Platforms/MacOSX.platform/Developer/SDKs/MacOSX26.2.sdk --xcode-version 17C52 --platform-family macOS --deployment-target 15.6 --bundle-identifier com.valencia.Promtier.app --output /Users/valencia/Library/Developer/Xcode/DerivedData/Promtier-gwtwqauqniqqumfryffqozcsjphv/Build/Products/Debug/Promtier.app/Contents/Resources --target-triple arm64-apple-macos15.6 --binary-file /Users/valencia/Library/Developer/Xcode/DerivedData/Promtier-gwtwqauqniqqumfryffqozcsjphv/Build/Products/Debug/Promtier.app/Contents/MacOS/Promtier --dependency-file /Users/valencia/Library/Developer/Xcode/DerivedData/Promtier-gwtwqauqniqqumfryffqozcsjphv/Build/Intermediates.noindex/Promtier.build/Debug/Promtier.build/Objects-normal/arm64/Promtier_dependency_info.dat --stringsdata-file /Users/valencia/Library/Developer/Xcode/DerivedData/Promtier-gwtwqauqniqqumfryffqozcsjphv/Build/Intermediates.noindex/Promtier.build/Debug/Promtier.build/Objects-normal/arm64/ExtractedAppShortcutsMetadata.stringsdata --source-file-list /Users/valencia/Library/Developer/Xcode/DerivedData/Promtier-gwtwqauqniqqumfryffqozcsjphv/Build/Intermediates.noindex/Promtier.build/Debug/Promtier.build/Objects-normal/arm64/Promtier.SwiftFileList --metadata-file-list /Users/valencia/Library/Developer/Xcode/DerivedData/Promtier-gwtwqauqniqqumfryffqozcsjphv/Build/Intermediates.noindex/Promtier.build/Debug/Promtier.build/Promtier.DependencyMetadataFileList --static-metadata-file-list /Users/valencia/Library/Developer/Xcode/DerivedData/Promtier-gwtwqauqniqqumfryffqozcsjphv/Build/Intermediates.noindex/Promtier.build/Debug/Promtier.build/Promtier.DependencyStaticMetadataFileList --swift-const-vals-list /Users/valencia/Library/Developer/Xcode/DerivedData/Promtier-gwtwqauqniqqumfryffqozcsjphv/Build/Intermediates.noindex/Promtier.build/Debug/Promtier.build/Objects-normal/arm64/Promtier.SwiftConstValuesFileList --compile-time-extraction --deployment-aware-processing --validate-assistant-intents --no-app-shortcuts-localization
2026-03-20 15:25:37.913 appintentsmetadataprocessor[74402:1121661] Starting appintentsmetadataprocessor export
2026-03-20 15:25:37.917 appintentsmetadataprocessor[74402:1121661] warning: Metadata extraction skipped. No AppIntents.framework dependency found.

CopySwiftLibs /Users/valencia/Library/Developer/Xcode/DerivedData/Promtier-gwtwqauqniqqumfryffqozcsjphv/Build/Products/Debug/Promtier.app (in target 'Promtier' from project 'Promtier')
    cd /Users/valencia/Downloads/Apps\ Menu\ Bar/Promtier
    builtin-swiftStdLibTool --copy --verbose --sign - --scan-executable /Users/valencia/Library/Developer/Xcode/DerivedData/Promtier-gwtwqauqniqqumfryffqozcsjphv/Build/Products/Debug/Promtier.app/Contents/MacOS/Promtier.debug.dylib --scan-folder /Users/valencia/Library/Developer/Xcode/DerivedData/Promtier-gwtwqauqniqqumfryffqozcsjphv/Build/Products/Debug/Promtier.app/Contents/Frameworks --scan-folder /Users/valencia/Library/Developer/Xcode/DerivedData/Promtier-gwtwqauqniqqumfryffqozcsjphv/Build/Products/Debug/Promtier.app/Contents/PlugIns --scan-folder /Users/valencia/Library/Developer/Xcode/DerivedData/Promtier-gwtwqauqniqqumfryffqozcsjphv/Build/Products/Debug/Promtier.app/Contents/Library/SystemExtensions --scan-folder /Users/valencia/Library/Developer/Xcode/DerivedData/Promtier-gwtwqauqniqqumfryffqozcsjphv/Build/Products/Debug/Promtier.app/Contents/Extensions --platform macosx --toolchain /Applications/Xcode.app/Contents/Developer/Toolchains/XcodeDefault.xctoolchain --destination /Users/valencia/Library/Developer/Xcode/DerivedData/Promtier-gwtwqauqniqqumfryffqozcsjphv/Build/Products/Debug/Promtier.app/Contents/Frameworks --strip-bitcode --strip-bitcode-tool /Applications/Xcode.app/Contents/Developer/Toolchains/XcodeDefault.xctoolchain/usr/bin/bitcode_strip --emit-dependency-info /Users/valencia/Library/Developer/Xcode/DerivedData/Promtier-gwtwqauqniqqumfryffqozcsjphv/Build/Intermediates.noindex/Promtier.build/Debug/Promtier.build/SwiftStdLibToolInputDependencies.dep --filter-for-swift-os --back-deploy-swift-span

ProcessInfoPlistFile /Users/valencia/Library/Developer/Xcode/DerivedData/Promtier-gwtwqauqniqqumfryffqozcsjphv/Build/Products/Debug/Promtier.app/Contents/Info.plist /Users/valencia/Library/Developer/Xcode/DerivedData/Promtier-gwtwqauqniqqumfryffqozcsjphv/Build/Intermediates.noindex/Promtier.build/Debug/Promtier.build/empty-Promtier.plist (in target 'Promtier' from project 'Promtier')
    cd /Users/valencia/Downloads/Apps\ Menu\ Bar/Promtier
    builtin-infoPlistUtility /Users/valencia/Library/Developer/Xcode/DerivedData/Promtier-gwtwqauqniqqumfryffqozcsjphv/Build/Intermediates.noindex/Promtier.build/Debug/Promtier.build/empty-Promtier.plist -producttype com.apple.product-type.application -genpkginfo /Users/valencia/Library/Developer/Xcode/DerivedData/Promtier-gwtwqauqniqqumfryffqozcsjphv/Build/Products/Debug/Promtier.app/Contents/PkgInfo -expandbuildsettings -platform macosx -additionalcontentfile /Users/valencia/Library/Developer/Xcode/DerivedData/Promtier-gwtwqauqniqqumfryffqozcsjphv/Build/Intermediates.noindex/Promtier.build/Debug/Promtier.build/assetcatalog_generated_info.plist -scanforprivacyfile /Users/valencia/Library/Developer/Xcode/DerivedData/Promtier-gwtwqauqniqqumfryffqozcsjphv/Build/Products/Debug/Promtier.app/Contents/Frameworks/Sparkle.framework -o /Users/valencia/Library/Developer/Xcode/DerivedData/Promtier-gwtwqauqniqqumfryffqozcsjphv/Build/Products/Debug/Promtier.app/Contents/Info.plist

CodeSign /Users/valencia/Library/Developer/Xcode/DerivedData/Promtier-gwtwqauqniqqumfryffqozcsjphv/Build/Products/Debug/Promtier.app/Contents/MacOS/Promtier.debug.dylib (in target 'Promtier' from project 'Promtier')
    cd /Users/valencia/Downloads/Apps\ Menu\ Bar/Promtier
    
    Signing Identity:     "Sign to Run Locally"
    
    /usr/bin/codesign --force --sign - --timestamp\=none --generate-entitlement-der /Users/valencia/Library/Developer/Xcode/DerivedData/Promtier-gwtwqauqniqqumfryffqozcsjphv/Build/Products/Debug/Promtier.app/Contents/MacOS/Promtier.debug.dylib

CodeSign /Users/valencia/Library/Developer/Xcode/DerivedData/Promtier-gwtwqauqniqqumfryffqozcsjphv/Build/Products/Debug/Promtier.app/Contents/MacOS/__preview.dylib (in target 'Promtier' from project 'Promtier')
    cd /Users/valencia/Downloads/Apps\ Menu\ Bar/Promtier
    
    Signing Identity:     "Sign to Run Locally"
    
    /usr/bin/codesign --force --sign - --timestamp\=none --generate-entitlement-der /Users/valencia/Library/Developer/Xcode/DerivedData/Promtier-gwtwqauqniqqumfryffqozcsjphv/Build/Products/Debug/Promtier.app/Contents/MacOS/__preview.dylib

CodeSign /Users/valencia/Library/Developer/Xcode/DerivedData/Promtier-gwtwqauqniqqumfryffqozcsjphv/Build/Products/Debug/Promtier.app (in target 'Promtier' from project 'Promtier')
    cd /Users/valencia/Downloads/Apps\ Menu\ Bar/Promtier
    
    Signing Identity:     "Sign to Run Locally"
    
    /usr/bin/codesign --force --sign - --entitlements /Users/valencia/Library/Developer/Xcode/DerivedData/Promtier-gwtwqauqniqqumfryffqozcsjphv/Build/Intermediates.noindex/Promtier.build/Debug/Promtier.build/Promtier.app.xcent --timestamp\=none --generate-entitlement-der /Users/valencia/Library/Developer/Xcode/DerivedData/Promtier-gwtwqauqniqqumfryffqozcsjphv/Build/Products/Debug/Promtier.app

Validate /Users/valencia/Library/Developer/Xcode/DerivedData/Promtier-gwtwqauqniqqumfryffqozcsjphv/Build/Products/Debug/Promtier.app (in target 'Promtier' from project 'Promtier')
    cd /Users/valencia/Downloads/Apps\ Menu\ Bar/Promtier
    builtin-validationUtility /Users/valencia/Library/Developer/Xcode/DerivedData/Promtier-gwtwqauqniqqumfryffqozcsjphv/Build/Products/Debug/Promtier.app -no-validate-extension -infoplist-subpath Contents/Info.plist

RegisterWithLaunchServices /Users/valencia/Library/Developer/Xcode/DerivedData/Promtier-gwtwqauqniqqumfryffqozcsjphv/Build/Products/Debug/Promtier.app (in target 'Promtier' from project 'Promtier')
    cd /Users/valencia/Downloads/Apps\ Menu\ Bar/Promtier
    /System/Library/Frameworks/CoreServices.framework/Versions/Current/Frameworks/LaunchServices.framework/Versions/Current/Support/lsregister -f -R -trusted /Users/valencia/Library/Developer/Xcode/DerivedData/Promtier-gwtwqauqniqqumfryffqozcsjphv/Build/Products/Debug/Promtier.app

note: Disabling hardened runtime with ad-hoc codesigning. (in target 'Promtier' from project 'Promtier')
** BUILD SUCCEEDED **

