Command line invocation:
    /Applications/Xcode.app/Contents/Developer/usr/bin/xcodebuild build -scheme Promtier -destination platform=macOS

Resolve Package Graph


Resolved source packages:
  Sparkle: https://github.com/sparkle-project/Sparkle @ 2.9.0

ComputePackagePrebuildTargetDependencyGraph

Prepare packages

CreateBuildRequest

SendProjectDescription

CreateBuildOperation

ComputeTargetDependencyGraph
note: Building targets in dependency order
note: Target dependency graph (2 targets)
    Target 'Promtier' in project 'Promtier'
        ➜ Explicit dependency on target 'Sparkle' in project 'Sparkle'
    Target 'Sparkle' in project 'Sparkle' (no dependencies)

GatherProvisioningInputs

CreateBuildDescription

ExecuteExternalTool /Applications/Xcode.app/Contents/Developer/Toolchains/XcodeDefault.xctoolchain/usr/bin/clang -v -E -dM -isysroot /Applications/Xcode.app/Contents/Developer/Platforms/MacOSX.platform/Developer/SDKs/MacOSX26.2.sdk -x c -c /dev/null

ExecuteExternalTool /Applications/Xcode.app/Contents/Developer/usr/bin/momc --dry-run --action generate --swift-version 5.0 --sdkroot /Applications/Xcode.app/Contents/Developer/Platforms/MacOSX.platform/Developer/SDKs/MacOSX26.2.sdk --macosx-deployment-target 15.6 --module Promtier /Users/valencia/Downloads/Apps Menu Bar/Promtier/Promtier/Core/Promtier.xcdatamodeld /Users/valencia/Library/Developer/Xcode/DerivedData/Promtier-gwtwqauqniqqumfryffqozcsjphv/Build/Intermediates.noindex/Promtier.build/Debug/Promtier.build/DerivedSources/CoreDataGenerated/Promtier

ExecuteExternalTool /Applications/Xcode.app/Contents/Developer/usr/bin/actool --version --output-format xml1

ExecuteExternalTool /Applications/Xcode.app/Contents/Developer/Toolchains/XcodeDefault.xctoolchain/usr/bin/swiftc --version

ExecuteExternalTool /Applications/Xcode.app/Contents/Developer/Toolchains/XcodeDefault.xctoolchain/usr/bin/ld -version_details

Build description signature: e02b08028a631991c2fb48fe99a4e222
Build description path: /Users/valencia/Library/Developer/Xcode/DerivedData/Promtier-gwtwqauqniqqumfryffqozcsjphv/Build/Intermediates.noindex/XCBuildData/e02b08028a631991c2fb48fe99a4e222.xcbuilddata
ClangStatCache /Applications/Xcode.app/Contents/Developer/Toolchains/XcodeDefault.xctoolchain/usr/bin/clang-stat-cache /Applications/Xcode.app/Contents/Developer/Platforms/MacOSX.platform/Developer/SDKs/MacOSX26.2.sdk /Users/valencia/Library/Developer/Xcode/DerivedData/SDKStatCaches.noindex/macosx26.2-25C57-00fa09913b459cbbc988d1f6730289ae.sdkstatcache
    cd /Users/valencia/Downloads/Apps\ Menu\ Bar/Promtier/Promtier.xcodeproj
    /Applications/Xcode.app/Contents/Developer/Toolchains/XcodeDefault.xctoolchain/usr/bin/clang-stat-cache /Applications/Xcode.app/Contents/Developer/Platforms/MacOSX.platform/Developer/SDKs/MacOSX26.2.sdk -o /Users/valencia/Library/Developer/Xcode/DerivedData/SDKStatCaches.noindex/macosx26.2-25C57-00fa09913b459cbbc988d1f6730289ae.sdkstatcache

note: Disabling hardened runtime with ad-hoc codesigning. (in target 'Promtier' from project 'Promtier')
ProcessInfoPlistFile /Users/valencia/Library/Developer/Xcode/DerivedData/Promtier-gwtwqauqniqqumfryffqozcsjphv/Build/Products/Debug/Promtier.app/Contents/Info.plist /Users/valencia/Library/Developer/Xcode/DerivedData/Promtier-gwtwqauqniqqumfryffqozcsjphv/Build/Intermediates.noindex/Promtier.build/Debug/Promtier.build/empty-Promtier.plist (in target 'Promtier' from project 'Promtier')
    cd /Users/valencia/Downloads/Apps\ Menu\ Bar/Promtier
    builtin-infoPlistUtility /Users/valencia/Library/Developer/Xcode/DerivedData/Promtier-gwtwqauqniqqumfryffqozcsjphv/Build/Intermediates.noindex/Promtier.build/Debug/Promtier.build/empty-Promtier.plist -producttype com.apple.product-type.application -genpkginfo /Users/valencia/Library/Developer/Xcode/DerivedData/Promtier-gwtwqauqniqqumfryffqozcsjphv/Build/Products/Debug/Promtier.app/Contents/PkgInfo -expandbuildsettings -platform macosx -additionalcontentfile /Users/valencia/Library/Developer/Xcode/DerivedData/Promtier-gwtwqauqniqqumfryffqozcsjphv/Build/Intermediates.noindex/Promtier.build/Debug/Promtier.build/assetcatalog_generated_info.plist -scanforprivacyfile /Users/valencia/Library/Developer/Xcode/DerivedData/Promtier-gwtwqauqniqqumfryffqozcsjphv/Build/Products/Debug/Promtier.app/Contents/Frameworks/Sparkle.framework -o /Users/valencia/Library/Developer/Xcode/DerivedData/Promtier-gwtwqauqniqqumfryffqozcsjphv/Build/Products/Debug/Promtier.app/Contents/Info.plist

CopySwiftLibs /Users/valencia/Library/Developer/Xcode/DerivedData/Promtier-gwtwqauqniqqumfryffqozcsjphv/Build/Products/Debug/Promtier.app (in target 'Promtier' from project 'Promtier')
    cd /Users/valencia/Downloads/Apps\ Menu\ Bar/Promtier
    builtin-swiftStdLibTool --copy --verbose --sign - --scan-executable /Users/valencia/Library/Developer/Xcode/DerivedData/Promtier-gwtwqauqniqqumfryffqozcsjphv/Build/Products/Debug/Promtier.app/Contents/MacOS/Promtier.debug.dylib --scan-folder /Users/valencia/Library/Developer/Xcode/DerivedData/Promtier-gwtwqauqniqqumfryffqozcsjphv/Build/Products/Debug/Promtier.app/Contents/Frameworks --scan-folder /Users/valencia/Library/Developer/Xcode/DerivedData/Promtier-gwtwqauqniqqumfryffqozcsjphv/Build/Products/Debug/Promtier.app/Contents/PlugIns --scan-folder /Users/valencia/Library/Developer/Xcode/DerivedData/Promtier-gwtwqauqniqqumfryffqozcsjphv/Build/Products/Debug/Promtier.app/Contents/Library/SystemExtensions --scan-folder /Users/valencia/Library/Developer/Xcode/DerivedData/Promtier-gwtwqauqniqqumfryffqozcsjphv/Build/Products/Debug/Promtier.app/Contents/Extensions --platform macosx --toolchain /Applications/Xcode.app/Contents/Developer/Toolchains/XcodeDefault.xctoolchain --destination /Users/valencia/Library/Developer/Xcode/DerivedData/Promtier-gwtwqauqniqqumfryffqozcsjphv/Build/Products/Debug/Promtier.app/Contents/Frameworks --strip-bitcode --strip-bitcode-tool /Applications/Xcode.app/Contents/Developer/Toolchains/XcodeDefault.xctoolchain/usr/bin/bitcode_strip --emit-dependency-info /Users/valencia/Library/Developer/Xcode/DerivedData/Promtier-gwtwqauqniqqumfryffqozcsjphv/Build/Intermediates.noindex/Promtier.build/Debug/Promtier.build/SwiftStdLibToolInputDependencies.dep --filter-for-swift-os --back-deploy-swift-span

** BUILD SUCCEEDED **

