Command line invocation:
    /Applications/Xcode.app/Contents/Developer/usr/bin/xcodebuild -scheme Promtier -project Promtier.xcodeproj -configuration Debug

Resolve Package Graph


Resolved source packages:
  Sparkle: https://github.com/sparkle-project/Sparkle @ 2.9.0

--- xcodebuild: WARNING: Using the first of multiple matching destinations:
{ platform:macOS, arch:arm64, id:00008103-000C15190AE2001E, name:My Mac }
{ platform:macOS, arch:x86_64, id:00008103-000C15190AE2001E, name:My Mac }
{ platform:macOS, name:Any Mac }
ComputePackagePrebuildTargetDependencyGraph

Prepare packages

CreateBuildRequest

SendProjectDescription

CreateBuildOperation

ComputeTargetDependencyGraph
note: Building targets in dependency order
note: Target dependency graph (2 targets)
    Target 'Promtier' in project 'Promtier'
        ➜ Explicit dependency on target 'Sparkle' in project 'Sparkle'
    Target 'Sparkle' in project 'Sparkle' (no dependencies)

GatherProvisioningInputs

CreateBuildDescription

ExecuteExternalTool /Applications/Xcode.app/Contents/Developer/Toolchains/XcodeDefault.xctoolchain/usr/bin/clang -v -E -dM -isysroot /Applications/Xcode.app/Contents/Developer/Platforms/MacOSX.platform/Developer/SDKs/MacOSX26.2.sdk -x c -c /dev/null

ExecuteExternalTool /Applications/Xcode.app/Contents/Developer/usr/bin/momc --dry-run --action generate --swift-version 5.0 --sdkroot /Applications/Xcode.app/Contents/Developer/Platforms/MacOSX.platform/Developer/SDKs/MacOSX26.2.sdk --macosx-deployment-target 15.6 --module Promtier /Users/valencia/Downloads/Apps Menu Bar/Promtier/Promtier/Core/Promtier.xcdatamodeld /Users/valencia/Library/Developer/Xcode/DerivedData/Promtier-gwtwqauqniqqumfryffqozcsjphv/Build/Intermediates.noindex/Promtier.build/Debug/Promtier.build/DerivedSources/CoreDataGenerated/Promtier

ExecuteExternalTool /Applications/Xcode.app/Contents/Developer/usr/bin/actool --version --output-format xml1

ExecuteExternalTool /Applications/Xcode.app/Contents/Developer/Toolchains/XcodeDefault.xctoolchain/usr/bin/swiftc --version

ExecuteExternalTool /Applications/Xcode.app/Contents/Developer/Toolchains/XcodeDefault.xctoolchain/usr/bin/ld -version_details

Build description signature: 2db863e993a26a8ca31cef49d0a51137
Build description path: /Users/valencia/Library/Developer/Xcode/DerivedData/Promtier-gwtwqauqniqqumfryffqozcsjphv/Build/Intermediates.noindex/XCBuildData/2db863e993a26a8ca31cef49d0a51137.xcbuilddata
ClangStatCache /Applications/Xcode.app/Contents/Developer/Toolchains/XcodeDefault.xctoolchain/usr/bin/clang-stat-cache /Applications/Xcode.app/Contents/Developer/Platforms/MacOSX.platform/Developer/SDKs/MacOSX26.2.sdk /Users/valencia/Library/Developer/Xcode/DerivedData/SDKStatCaches.noindex/macosx26.2-25C57-00fa09913b459cbbc988d1f6730289ae.sdkstatcache
    cd /Users/valencia/Downloads/Apps\ Menu\ Bar/Promtier/Promtier.xcodeproj
    /Applications/Xcode.app/Contents/Developer/Toolchains/XcodeDefault.xctoolchain/usr/bin/clang-stat-cache /Applications/Xcode.app/Contents/Developer/Platforms/MacOSX.platform/Developer/SDKs/MacOSX26.2.sdk -o /Users/valencia/Library/Developer/Xcode/DerivedData/SDKStatCaches.noindex/macosx26.2-25C57-00fa09913b459cbbc988d1f6730289ae.sdkstatcache

ProcessProductPackaging /Users/valencia/Downloads/Apps\ Menu\ Bar/Promtier/Promtier/Promtier.entitlements /Users/valencia/Library/Developer/Xcode/DerivedData/Promtier-gwtwqauqniqqumfryffqozcsjphv/Build/Intermediates.noindex/Promtier.build/Debug/Promtier.build/Promtier.app.xcent (in target 'Promtier' from project 'Promtier')
    cd /Users/valencia/Downloads/Apps\ Menu\ Bar/Promtier
    
    Entitlements:
    
    {
    "com.apple.security.app-sandbox" = 1;
    "com.apple.security.automation.apple-events" = 1;
    "com.apple.security.cs.disable-library-validation" = 1;
    "com.apple.security.files.user-selected.read-write" = 1;
    "com.apple.security.get-task-allow" = 1;
    "com.apple.security.network.client" = 1;
}
    
    builtin-productPackagingUtility /Users/valencia/Downloads/Apps\ Menu\ Bar/Promtier/Promtier/Promtier.entitlements -entitlements -format xml -o /Users/valencia/Library/Developer/Xcode/DerivedData/Promtier-gwtwqauqniqqumfryffqozcsjphv/Build/Intermediates.noindex/Promtier.build/Debug/Promtier.build/Promtier.app.xcent

ProcessProductPackagingDER /Users/valencia/Library/Developer/Xcode/DerivedData/Promtier-gwtwqauqniqqumfryffqozcsjphv/Build/Intermediates.noindex/Promtier.build/Debug/Promtier.build/Promtier.app.xcent /Users/valencia/Library/Developer/Xcode/DerivedData/Promtier-gwtwqauqniqqumfryffqozcsjphv/Build/Intermediates.noindex/Promtier.build/Debug/Promtier.build/Promtier.app.xcent.der (in target 'Promtier' from project 'Promtier')
    cd /Users/valencia/Downloads/Apps\ Menu\ Bar/Promtier
    /usr/bin/derq query -f xml -i /Users/valencia/Library/Developer/Xcode/DerivedData/Promtier-gwtwqauqniqqumfryffqozcsjphv/Build/Intermediates.noindex/Promtier.build/Debug/Promtier.build/Promtier.app.xcent -o /Users/valencia/Library/Developer/Xcode/DerivedData/Promtier-gwtwqauqniqqumfryffqozcsjphv/Build/Intermediates.noindex/Promtier.build/Debug/Promtier.build/Promtier.app.xcent.der --raw

SwiftDriver Promtier normal arm64 com.apple.xcode.tools.swift.compiler (in target 'Promtier' from project 'Promtier')
    cd /Users/valencia/Downloads/Apps\ Menu\ Bar/Promtier
    builtin-SwiftDriver -- /Applications/Xcode.app/Contents/Developer/Toolchains/XcodeDefault.xctoolchain/usr/bin/swiftc -module-name Promtier -Onone -enforce-exclusivity\=checked @/Users/valencia/Library/Developer/Xcode/DerivedData/Promtier-gwtwqauqniqqumfryffqozcsjphv/Build/Intermediates.noindex/Promtier.build/Debug/Promtier.build/Objects-normal/arm64/Promtier.SwiftFileList -DDEBUG -default-isolation\=MainActor -enable-bare-slash-regex -enable-upcoming-feature DisableOutwardActorInference -enable-upcoming-feature InferSendableFromCaptures -enable-upcoming-feature GlobalActorIsolatedTypesUsability -enable-upcoming-feature MemberImportVisibility -enable-upcoming-feature InferIsolatedConformances -enable-upcoming-feature NonisolatedNonsendingByDefault -enable-experimental-feature DebugDescriptionMacro -sdk /Applications/Xcode.app/Contents/Developer/Platforms/MacOSX.platform/Developer/SDKs/MacOSX26.2.sdk -target arm64-apple-macos15.6 -g -module-cache-path /Users/valencia/Library/Developer/Xcode/DerivedData/ModuleCache.noindex -Xfrontend -serialize-debugging-options -enable-testing -index-store-path /Users/valencia/Library/Developer/Xcode/DerivedData/Promtier-gwtwqauqniqqumfryffqozcsjphv/Index.noindex/DataStore -Xcc -D_LIBCPP_HARDENING_MODE\=_LIBCPP_HARDENING_MODE_DEBUG -swift-version 5 -I /Users/valencia/Library/Developer/Xcode/DerivedData/Promtier-gwtwqauqniqqumfryffqozcsjphv/Build/Products/Debug -F /Users/valencia/Library/Developer/Xcode/DerivedData/Promtier-gwtwqauqniqqumfryffqozcsjphv/Build/Products/Debug -emit-localized-strings -emit-localized-strings-path /Users/valencia/Library/Developer/Xcode/DerivedData/Promtier-gwtwqauqniqqumfryffqozcsjphv/Build/Intermediates.noindex/Promtier.build/Debug/Promtier.build/Objects-normal/arm64 -c -j8 -enable-batch-mode -incremental -Xcc -ivfsstatcache -Xcc /Users/valencia/Library/Developer/Xcode/DerivedData/SDKStatCaches.noindex/macosx26.2-25C57-00fa09913b459cbbc988d1f6730289ae.sdkstatcache -output-file-map /Users/valencia/Library/Developer/Xcode/DerivedData/Promtier-gwtwqauqniqqumfryffqozcsjphv/Build/Intermediates.noindex/Promtier.build/Debug/Promtier.build/Objects-normal/arm64/Promtier-OutputFileMap.json -use-frontend-parseable-output -save-temps -no-color-diagnostics -explicit-module-build -module-cache-path /Users/valencia/Library/Developer/Xcode/DerivedData/Promtier-gwtwqauqniqqumfryffqozcsjphv/Build/Intermediates.noindex/SwiftExplicitPrecompiledModules -clang-scanner-module-cache-path /Users/valencia/Library/Developer/Xcode/DerivedData/ModuleCache.noindex -sdk-module-cache-path /Users/valencia/Library/Developer/Xcode/DerivedData/ModuleCache.noindex -serialize-diagnostics -emit-dependencies -emit-module -emit-module-path /Users/valencia/Library/Developer/Xcode/DerivedData/Promtier-gwtwqauqniqqumfryffqozcsjphv/Build/Intermediates.noindex/Promtier.build/Debug/Promtier.build/Objects-normal/arm64/Promtier.swiftmodule -validate-clang-modules-once -clang-build-session-file /Users/valencia/Library/Developer/Xcode/DerivedData/ModuleCache.noindex/Session.modulevalidation -Xcc -I/Users/valencia/Library/Developer/Xcode/DerivedData/Promtier-gwtwqauqniqqumfryffqozcsjphv/Build/Intermediates.noindex/Promtier.build/Debug/Promtier.build/swift-overrides.hmap -emit-const-values -Xfrontend -const-gather-protocols-file -Xfrontend /Users/valencia/Library/Developer/Xcode/DerivedData/Promtier-gwtwqauqniqqumfryffqozcsjphv/Build/Intermediates.noindex/Promtier.build/Debug/Promtier.build/Objects-normal/arm64/Promtier_const_extract_protocols.json -Xcc -iquote -Xcc /Users/valencia/Library/Developer/Xcode/DerivedData/Promtier-gwtwqauqniqqumfryffqozcsjphv/Build/Intermediates.noindex/Promtier.build/Debug/Promtier.build/Promtier-generated-files.hmap -Xcc -I/Users/valencia/Library/Developer/Xcode/DerivedData/Promtier-gwtwqauqniqqumfryffqozcsjphv/Build/Intermediates.noindex/Promtier.build/Debug/Promtier.build/Promtier-own-target-headers.hmap -Xcc -I/Users/valencia/Library/Developer/Xcode/DerivedData/Promtier-gwtwqauqniqqumfryffqozcsjphv/Build/Intermediates.noindex/Promtier.build/Debug/Promtier.build/Promtier-all-target-headers.hmap -Xcc -iquote -Xcc /Users/valencia/Library/Developer/Xcode/DerivedData/Promtier-gwtwqauqniqqumfryffqozcsjphv/Build/Intermediates.noindex/Promtier.build/Debug/Promtier.build/Promtier-project-headers.hmap -Xcc -I/Users/valencia/Library/Developer/Xcode/DerivedData/Promtier-gwtwqauqniqqumfryffqozcsjphv/Build/Products/Debug/include -Xcc -I/Users/valencia/Library/Developer/Xcode/DerivedData/Promtier-gwtwqauqniqqumfryffqozcsjphv/Build/Intermediates.noindex/Promtier.build/Debug/Promtier.build/DerivedSources-normal/arm64 -Xcc -I/Users/valencia/Library/Developer/Xcode/DerivedData/Promtier-gwtwqauqniqqumfryffqozcsjphv/Build/Intermediates.noindex/Promtier.build/Debug/Promtier.build/DerivedSources/arm64 -Xcc -I/Users/valencia/Library/Developer/Xcode/DerivedData/Promtier-gwtwqauqniqqumfryffqozcsjphv/Build/Intermediates.noindex/Promtier.build/Debug/Promtier.build/DerivedSources -Xcc -DDEBUG\=1 -emit-objc-header -emit-objc-header-path /Users/valencia/Library/Developer/Xcode/DerivedData/Promtier-gwtwqauqniqqumfryffqozcsjphv/Build/Intermediates.noindex/Promtier.build/Debug/Promtier.build/Objects-normal/arm64/Promtier-Swift.h -working-directory /Users/valencia/Downloads/Apps\ Menu\ Bar/Promtier -experimental-emit-module-separately -disable-cmo

SwiftCompile normal arm64 Compiling\ NewPromptView.swift /Users/valencia/Downloads/Apps\ Menu\ Bar/Promtier/Promtier/Views/NewPromptView.swift (in target 'Promtier' from project 'Promtier')

SwiftCompile normal arm64 /Users/valencia/Downloads/Apps\ Menu\ Bar/Promtier/Promtier/Views/NewPromptView.swift (in target 'Promtier' from project 'Promtier')
    cd /Users/valencia/Downloads/Apps\ Menu\ Bar/Promtier
    
/Users/valencia/Downloads/Apps Menu Bar/Promtier/Promtier/Views/NewPromptView.swift:248:23: error: incorrect argument labels in call (have 'title:content:promptDescription:isFavorite:selectedFolder:selectedIcon:fallbackIconName:showingIconPicker:showingZenEditor:zenTarget:showingPremiumFor:insertionRequest:replaceSnippetRequest:showSnippets:snippetSearchQuery:snippetSelectedIndex:triggerSnippetSelection:showVariables:variablesSelectedIndex:triggerVariablesSelection:triggerAIRequest:isAIActive:isAIGenerating:selectedRange:aiResult:originalPrompt:prompt:branchMessage:editorID:currentCategoryColor:showingAICommandInput:aiCommandInput:pendingAIAction:handleAIError:', expected 'title:content:promptDescription:isFavorite:selectedFolder:selectedIcon:fallbackIconName:showingIconPicker:showingZenEditor:zenTarget:showingPremiumFor:insertionRequest:replaceSnippetRequest:showSnippets:snippetSearchQuery:snippetSelectedIndex:triggerSnippetSelection:showVariables:variablesSelectedIndex:triggerVariablesSelection:triggerAIRequest:isAIActive:isAIGenerating:selectedRange:aiResult:originalPrompt:prompt:branchMessage:editorID:showingAICommandInput:aiCommandInput:pendingAIAction:handleAIError:currentCategoryColor:promptService:preferences:')
            EditorCard(
                      ^
/Users/valencia/Downloads/Apps Menu Bar/Promtier/Promtier/Views/NewPromptView.swift:2235:46: error: 'weak' may only be applied to class and class-bound protocol types, not 'EditorCard'
            .sink(receiveCompletion: { [weak self] completion in
                                             ^
/Users/valencia/Downloads/Apps Menu Bar/Promtier/Promtier/Views/NewPromptView.swift:2235:46: warning: variable 'self' was never mutated; consider changing to 'let' constant
            .sink(receiveCompletion: { [weak self] completion in
                                             ^

Failed frontend command:
/Applications/Xcode.app/Contents/Developer/Toolchains/XcodeDefault.xctoolchain/usr/bin/swift-frontend -frontend -c /Users/valencia/Downloads/Apps\ Menu\ Bar/Promtier/Promtier/Core/DataController.swift /Users/valencia/Downloads/Apps\ Menu\ Bar/Promtier/Promtier/Core/FolderEntity.swift /Users/valencia/Downloads/Apps\ Menu\ Bar/Promtier/Promtier/Core/FolderEntity+Extensions.swift /Users/valencia/Downloads/Apps\ Menu\ Bar/Promtier/Promtier/Core/NSManagedObjectContext+Compat.swift /Users/valencia/Downloads/Apps\ Menu\ Bar/Promtier/Promtier/Core/PromptEntity.swift /Users/valencia/Downloads/Apps\ Menu\ Bar/Promtier/Promtier/Core/PromptEntity+Extensions.swift /Users/valencia/Downloads/Apps\ Menu\ Bar/Promtier/Promtier/Core/UTI+Extensions.swift /Users/valencia/Downloads/Apps\ Menu\ Bar/Promtier/Promtier/Extensions/Color+Extensions.swift /Users/valencia/Downloads/Apps\ Menu\ Bar/Promtier/Promtier/Extensions/String+Extensions.swift /Users/valencia/Downloads/Apps\ Menu\ Bar/Promtier/Promtier/Extensions/View+VisualEffect.swift /Users/valencia/Downloads/Apps\ Menu\ Bar/Promtier/Promtier/Models/BackupArchive.swift /Users/valencia/Downloads/Apps\ Menu\ Bar/Promtier/Promtier/Models/Folder.swift /Users/valencia/Downloads/Apps\ Menu\ Bar/Promtier/Promtier/Models/IdentifiableURL.swift /Users/valencia/Downloads/Apps\ Menu\ Bar/Promtier/Promtier/Models/Prompt.swift /Users/valencia/Downloads/Apps\ Menu\ Bar/Promtier/Promtier/Models/Snippet.swift /Users/valencia/Downloads/Apps\ Menu\ Bar/Promtier/Promtier/Models/TemplateVariable.swift /Users/valencia/Downloads/Apps\ Menu\ Bar/Promtier/Promtier/Services/BatchOperationsService.swift /Users/valencia/Downloads/Apps\ Menu\ Bar/Promtier/Promtier/Services/ClipboardService.swift /Users/valencia/Downloads/Apps\ Menu\ Bar/Promtier/Promtier/Services/DraftService.swift /Users/valencia/Downloads/Apps\ Menu\ Bar/Promtier/Promtier/Services/FloatingZenManager.swift /Users/valencia/Downloads/Apps\ Menu\ Bar/Promtier/Promtier/Services/GeminiService.swift /Users/valencia/Downloads/Apps\ Menu\ Bar/Promtier/Promtier/Services/HapticService.swift /Users/valencia/Downloads/Apps\ Menu\ Bar/Promtier/Promtier/Services/ImageDecodeCache.swift /Users/valencia/Downloads/Apps\ Menu\ Bar/Promtier/Promtier/Services/ImageDecodeThrottler.swift /Users/valencia/Downloads/Apps\ Menu\ Bar/Promtier/Promtier/Services/ImageOptimizer.swift /Users/valencia/Downloads/Apps\ Menu\ Bar/Promtier/Promtier/Services/ImageStore.swift /Users/valencia/Downloads/Apps\ Menu\ Bar/Promtier/Promtier/Services/MarkdownRTFConverter.swift /Users/valencia/Downloads/Apps\ Menu\ Bar/Promtier/Promtier/Services/MenuBarManager.swift /Users/valencia/Downloads/Apps\ Menu\ Bar/Promtier/Promtier/Services/OmniSearchManager.swift /Users/valencia/Downloads/Apps\ Menu\ Bar/Promtier/Promtier/Services/OpenAIService.swift /Users/valencia/Downloads/Apps\ Menu\ Bar/Promtier/Promtier/Services/PlaceholderResolver.swift /Users/valencia/Downloads/Apps\ Menu\ Bar/Promtier/Promtier/Services/PreferencesManager.swift /Users/valencia/Downloads/Apps\ Menu\ Bar/Promtier/Promtier/Services/PromptPreviewTextCache.swift /Users/valencia/Downloads/Apps\ Menu\ Bar/Promtier/Promtier/Services/PromptService.swift /Users/valencia/Downloads/Apps\ Menu\ Bar/Promtier/Promtier/Services/ShortcutManager.swift /Users/valencia/Downloads/Apps\ Menu\ Bar/Promtier/Promtier/Services/SoundService.swift /Users/valencia/Downloads/Apps\ Menu\ Bar/Promtier/Promtier/Services/UpdateProvider.swift /Users/valencia/Downloads/Apps\ Menu\ Bar/Promtier/Promtier/Services/ZipService.swift /Users/valencia/Downloads/Apps\ Menu\ Bar/Promtier/Promtier/Views/AIAssistantBar.swift /Users/valencia/Downloads/Apps\ Menu\ Bar/Promtier/Promtier/Views/AIPlaygroundView.swift /Users/valencia/Downloads/Apps\ Menu\ Bar/Promtier/Promtier/Views/BatchToolbarView.swift /Users/valencia/Downloads/Apps\ Menu\ Bar/Promtier/Promtier/Views/CategoryPillPicker.swift /Users/valencia/Downloads/Apps\ Menu\ Bar/Promtier/Promtier/Views/CategorySelectorButton.swift /Users/valencia/Downloads/Apps\ Menu\ Bar/Promtier/Promtier/Views/CategorySidebar.swift /Users/valencia/Downloads/Apps\ Menu\ Bar/Promtier/Promtier/Views/DiffView.swift /Users/valencia/Downloads/Apps\ Menu\ Bar/Promtier/Promtier/Views/DownsampledImageURLView.swift /Users/valencia/Downloads/Apps\ Menu\ Bar/Promtier/Promtier/Views/DownsampledImageView.swift /Users/valencia/Downloads/Apps\ Menu\ Bar/Promtier/Promtier/Views/EditorToolbar.swift /Users/valencia/Downloads/Apps\ Menu\ Bar/Promtier/Promtier/Views/FloatingZenEditorView.swift /Users/valencia/Downloads/Apps\ Menu\ Bar/Promtier/Promtier/Views/FolderManagerView.swift /Users/valencia/Downloads/Apps\ Menu\ Bar/Promtier/Promtier/Views/FullScreenImageView.swift /Users/valencia/Downloads/Apps\ Menu\ Bar/Promtier/Promtier/Views/GhostTipView.swift /Users/valencia/Downloads/Apps\ Menu\ Bar/Promtier/Promtier/Views/HighlightedEditor.swift /Users/valencia/Downloads/Apps\ Menu\ Bar/Promtier/Promtier/Views/IconPickerView.swift -primary-file /Users/valencia/Downloads/Apps\ Menu\ Bar/Promtier/Promtier/Views/NewPromptView.swift /Users/valencia/Downloads/Apps\ Menu\ Bar/Promtier/Promtier/Views/OmniSearchView.swift /Users/valencia/Downloads/Apps\ Menu\ Bar/Promtier/Promtier/Views/ParticleSystemView.swift /Users/valencia/Downloads/Apps\ Menu\ Bar/Promtier/Promtier/Views/PreferencesView.swift /Users/valencia/Downloads/Apps\ Menu\ Bar/Promtier/Promtier/Views/PremiumUpsellView.swift /Users/valencia/Downloads/Apps\ Menu\ Bar/Promtier/Promtier/Views/PromptCard.swift /Users/valencia/Downloads/Apps\ Menu\ Bar/Promtier/Promtier/Views/PromptGridCard.swift /Users/valencia/Downloads/Apps\ Menu\ Bar/Promtier/Promtier/Views/PromptPickerPopover.swift /Users/valencia/Downloads/Apps\ Menu\ Bar/Promtier/Promtier/Views/PromptPreviewView.swift /Users/valencia/Downloads/Apps\ Menu\ Bar/Promtier/Promtier/Views/PromtierEditorCommand.swift /Users/valencia/Downloads/Apps\ Menu\ Bar/Promtier/Promtier/Views/ResizeHandle.swift /Users/valencia/Downloads/Apps\ Menu\ Bar/Promtier/Promtier/Views/SearchViewSimple.swift /Users/valencia/Downloads/Apps\ Menu\ Bar/Promtier/Promtier/Views/SharedAppPicker.swift /Users/valencia/Downloads/Apps\ Menu\ Bar/Promtier/Promtier/Views/ShortcutRecorderView.swift /Users/valencia/Downloads/Apps\ Menu\ Bar/Promtier/Promtier/Views/SnippetsManagerTab.swift /Users/valencia/Downloads/Apps\ Menu\ Bar/Promtier/Promtier/Views/SnippetsPopupList.swift /Users/valencia/Downloads/Apps\ Menu\ Bar/Promtier/Promtier/Views/TrashView.swift /Users/valencia/Downloads/Apps\ Menu\ Bar/Promtier/Promtier/Views/VariableFillView.swift /Users/valencia/Downloads/Apps\ Menu\ Bar/Promtier/Promtier/Views/VariablesPopupList.swift /Users/valencia/Downloads/Apps\ Menu\ Bar/Promtier/Promtier/Views/VersionHistoryView.swift /Users/valencia/Downloads/Apps\ Menu\ Bar/Promtier/Promtier/Views/ZenEditorView.swift /Users/valencia/Downloads/Apps\ Menu\ Bar/Promtier/Promtier/ContentView.swift /Users/valencia/Downloads/Apps\ Menu\ Bar/Promtier/Promtier/PromtierApp.swift /Users/valencia/Library/Developer/Xcode/DerivedData/Promtier-gwtwqauqniqqumfryffqozcsjphv/Build/Intermediates.noindex/Promtier.build/Debug/Promtier.build/DerivedSources/GeneratedAssetSymbols.swift -emit-dependencies-path /Users/valencia/Library/Developer/Xcode/DerivedData/Promtier-gwtwqauqniqqumfryffqozcsjphv/Build/Intermediates.noindex/Promtier.build/Debug/Promtier.build/Objects-normal/arm64/NewPromptView.d -emit-const-values-path /Users/valencia/Library/Developer/Xcode/DerivedData/Promtier-gwtwqauqniqqumfryffqozcsjphv/Build/Intermediates.noindex/Promtier.build/Debug/Promtier.build/Objects-normal/arm64/NewPromptView.swiftconstvalues -emit-reference-dependencies-path /Users/valencia/Library/Developer/Xcode/DerivedData/Promtier-gwtwqauqniqqumfryffqozcsjphv/Build/Intermediates.noindex/Promtier.build/Debug/Promtier.build/Objects-normal/arm64/NewPromptView.swiftdeps -serialize-diagnostics-path /Users/valencia/Library/Developer/Xcode/DerivedData/Promtier-gwtwqauqniqqumfryffqozcsjphv/Build/Intermediates.noindex/Promtier.build/Debug/Promtier.build/Objects-normal/arm64/NewPromptView.dia -emit-localized-strings -emit-localized-strings-path /Users/valencia/Library/Developer/Xcode/DerivedData/Promtier-gwtwqauqniqqumfryffqozcsjphv/Build/Intermediates.noindex/Promtier.build/Debug/Promtier.build/Objects-normal/arm64 -target arm64-apple-macos15.6 -module-can-import-version AppKit 2685.30.107 2685.30.107 -module-can-import-version DeveloperToolsSupport 23.0.4 23.0.4 -module-can-import-version SwiftUI 7.2.5.1 7.2.5 -load-resolved-plugin /Applications/Xcode.app/Contents/Developer/Platforms/MacOSX.platform/Developer/usr/lib/swift/host/plugins/libFoundationMacros.dylib\#/Applications/Xcode.app/Contents/Developer/Platforms/MacOSX.platform/Developer/usr/bin/swift-plugin-server\#FoundationMacros -load-resolved-plugin /Applications/Xcode.app/Contents/Developer/Platforms/MacOSX.platform/Developer/usr/lib/swift/host/plugins/libObservationMacros.dylib\#/Applications/Xcode.app/Contents/Developer/Platforms/MacOSX.platform/Developer/usr/bin/swift-plugin-server\#ObservationMacros -load-resolved-plugin /Applications/Xcode.app/Contents/Developer/Platforms/MacOSX.platform/Developer/usr/lib/swift/host/plugins/libPreviewsMacros.dylib\#/Applications/Xcode.app/Contents/Developer/Platforms/MacOSX.platform/Developer/usr/bin/swift-plugin-server\#PreviewsMacros -load-resolved-plugin /Applications/Xcode.app/Contents/Developer/Platforms/MacOSX.platform/Developer/usr/lib/swift/host/plugins/libSwiftMacros.dylib\#/Applications/Xcode.app/Contents/Developer/Platforms/MacOSX.platform/Developer/usr/bin/swift-plugin-server\#SwiftMacros -load-resolved-plugin /Applications/Xcode.app/Contents/Developer/Platforms/MacOSX.platform/Developer/usr/lib/swift/host/plugins/libSwiftUIMacros.dylib\#/Applications/Xcode.app/Contents/Developer/Platforms/MacOSX.platform/Developer/usr/bin/swift-plugin-server\#SwiftUIMacros -disable-implicit-swift-modules -Xcc -fno-implicit-modules -Xcc -fno-implicit-module-maps -explicit-swift-module-map-file /Users/valencia/Library/Developer/Xcode/DerivedData/Promtier-gwtwqauqniqqumfryffqozcsjphv/Build/Intermediates.noindex/Promtier.build/Debug/Promtier.build/Objects-normal/arm64/Promtier-dependencies-1.json -Xllvm -aarch64-use-tbi -enable-objc-interop -stack-check -sdk /Applications/Xcode.app/Contents/Developer/Platforms/MacOSX.platform/Developer/SDKs/MacOSX26.2.sdk -I /Users/valencia/Library/Developer/Xcode/DerivedData/Promtier-gwtwqauqniqqumfryffqozcsjphv/Build/Products/Debug -F /Users/valencia/Library/Developer/Xcode/DerivedData/Promtier-gwtwqauqniqqumfryffqozcsjphv/Build/Products/Debug -no-color-diagnostics -Xcc -fno-color-diagnostics -enable-testing -g -debug-info-format\=dwarf -dwarf-version\=5 -module-cache-path /Users/valencia/Library/Developer/Xcode/DerivedData/Promtier-gwtwqauqniqqumfryffqozcsjphv/Build/Intermediates.noindex/SwiftExplicitPrecompiledModules -swift-version 5 -enforce-exclusivity\=checked -Onone -D DEBUG -serialize-debugging-options -const-gather-protocols-file /Users/valencia/Library/Developer/Xcode/DerivedData/Promtier-gwtwqauqniqqumfryffqozcsjphv/Build/Intermediates.noindex/Promtier.build/Debug/Promtier.build/Objects-normal/arm64/Promtier_const_extract_protocols.json -enable-upcoming-feature DisableOutwardActorInference -enable-upcoming-feature InferSendableFromCaptures -enable-upcoming-feature GlobalActorIsolatedTypesUsability -enable-upcoming-feature MemberImportVisibility -enable-upcoming-feature InferIsolatedConformances -enable-upcoming-feature NonisolatedNonsendingByDefault -enable-experimental-feature DebugDescriptionMacro -enable-bare-slash-regex -default-isolation\=MainActor -empty-abi-descriptor -validate-clang-modules-once -clang-build-session-file /Users/valencia/Library/Developer/Xcode/DerivedData/ModuleCache.noindex/Session.modulevalidation -Xcc -working-directory -Xcc /Users/valencia/Downloads/Apps\ Menu\ Bar/Promtier -enable-anonymous-context-mangled-names -file-compilation-dir /Users/valencia/Downloads/Apps\ Menu\ Bar/Promtier -Xcc -D_LIBCPP_HARDENING_MODE\=_LIBCPP_HARDENING_MODE_DEBUG -Xcc -ivfsstatcache -Xcc /Users/valencia/Library/Developer/Xcode/DerivedData/SDKStatCaches.noindex/macosx26.2-25C57-00fa09913b459cbbc988d1f6730289ae.sdkstatcache -Xcc -I/Users/valencia/Library/Developer/Xcode/DerivedData/Promtier-gwtwqauqniqqumfryffqozcsjphv/Build/Intermediates.noindex/Promtier.build/Debug/Promtier.build/swift-overrides.hmap -Xcc -iquote -Xcc /Users/valencia/Library/Developer/Xcode/DerivedData/Promtier-gwtwqauqniqqumfryffqozcsjphv/Build/Intermediates.noindex/Promtier.build/Debug/Promtier.build/Promtier-generated-files.hmap -Xcc -I/Users/valencia/Library/Developer/Xcode/DerivedData/Promtier-gwtwqauqniqqumfryffqozcsjphv/Build/Intermediates.noindex/Promtier.build/Debug/Promtier.build/Promtier-own-target-headers.hmap -Xcc -I/Users/valencia/Library/Developer/Xcode/DerivedData/Promtier-gwtwqauqniqqumfryffqozcsjphv/Build/Intermediates.noindex/Promtier.build/Debug/Promtier.build/Promtier-all-target-headers.hmap -Xcc -iquote -Xcc /Users/valencia/Library/Developer/Xcode/DerivedData/Promtier-gwtwqauqniqqumfryffqozcsjphv/Build/Intermediates.noindex/Promtier.build/Debug/Promtier.build/Promtier-project-headers.hmap -Xcc -I/Users/valencia/Library/Developer/Xcode/DerivedData/Promtier-gwtwqauqniqqumfryffqozcsjphv/Build/Products/Debug/include -Xcc -I/Users/valencia/Library/Developer/Xcode/DerivedData/Promtier-gwtwqauqniqqumfryffqozcsjphv/Build/Intermediates.noindex/Promtier.build/Debug/Promtier.build/DerivedSources-normal/arm64 -Xcc -I/Users/valencia/Library/Developer/Xcode/DerivedData/Promtier-gwtwqauqniqqumfryffqozcsjphv/Build/Intermediates.noindex/Promtier.build/Debug/Promtier.build/DerivedSources/arm64 -Xcc -I/Users/valencia/Library/Developer/Xcode/DerivedData/Promtier-gwtwqauqniqqumfryffqozcsjphv/Build/Intermediates.noindex/Promtier.build/Debug/Promtier.build/DerivedSources -Xcc -DDEBUG\=1 -no-auto-bridging-header-chaining -module-name Promtier -frontend-parseable-output -disable-clang-spi -target-sdk-version 26.2 -target-sdk-name macosx26.2 -clang-target arm64-apple-macos26.2 -in-process-plugin-server-path /Applications/Xcode.app/Contents/Developer/Toolchains/XcodeDefault.xctoolchain/usr/lib/swift/host/libSwiftInProcPluginServer.dylib -o /Users/valencia/Library/Developer/Xcode/DerivedData/Promtier-gwtwqauqniqqumfryffqozcsjphv/Build/Intermediates.noindex/Promtier.build/Debug/Promtier.build/Objects-normal/arm64/NewPromptView.o -index-unit-output-path /Promtier.build/Debug/Promtier.build/Objects-normal/arm64/NewPromptView.o -index-store-path /Users/valencia/Library/Developer/Xcode/DerivedData/Promtier-gwtwqauqniqqumfryffqozcsjphv/Index.noindex/DataStore -index-system-modules
SwiftEmitModule normal arm64 Emitting\ module\ for\ Promtier (in target 'Promtier' from project 'Promtier')

EmitSwiftModule normal arm64 (in target 'Promtier' from project 'Promtier')
    cd /Users/valencia/Downloads/Apps\ Menu\ Bar/Promtier
    

note: Disabling hardened runtime with ad-hoc codesigning. (in target 'Promtier' from project 'Promtier')
** BUILD FAILED **


The following build commands failed:
	SwiftCompile normal arm64 /Users/valencia/Downloads/Apps\ Menu\ Bar/Promtier/Promtier/Views/NewPromptView.swift (in target 'Promtier' from project 'Promtier')
	SwiftCompile normal arm64 Compiling\ NewPromptView.swift /Users/valencia/Downloads/Apps\ Menu\ Bar/Promtier/Promtier/Views/NewPromptView.swift (in target 'Promtier' from project 'Promtier')
	Building project Promtier with scheme Promtier and configuration Debug
(3 failures)
